******************************************************************************
                  MSP430 Linker PC v16.9.6                     
******************************************************************************
>> Linked Sun Aug 17 13:33:12 2025

OUTPUT FILE NAME:   <Lab_1.out>
ENTRY POINT SYMBOL: "_c_int00_noargs_noexit"  address: 0000d97c


MEMORY CONFIGURATION

         name            origin    length      used     unused   attr    fill
----------------------  --------  ---------  --------  --------  ----  --------
  SFR                   00000000   00000010  00000000  00000010  RWIX
  PERIPHERALS_8BIT      00000010   000000f0  00000000  000000f0  RWIX
  PERIPHERALS_16BIT     00000100   00000100  00000000  00000100  RWIX
  RAM                   00000200   00000200  00000132  000000ce  RWIX
  INFOD                 00001000   00000040  00000000  00000040  RWIX
  INFOC                 00001040   00000040  00000000  00000040  RWIX
  INFOB                 00001080   00000040  00000000  00000040  RWIX
  INFOA                 000010c0   00000040  00000000  00000040  RWIX
  FLASH                 0000c000   00003fde  00001f38  000020a6  RWIX
  BSLSIGNATURE          0000ffde   00000002  00000002  00000000  RWIX  ffff 
  INT00                 0000ffe0   00000002  00000002  00000000  RWIX
  INT01                 0000ffe2   00000002  00000000  00000002  RWIX
  INT02                 0000ffe4   00000002  00000002  00000000  RWIX
  INT03                 0000ffe6   00000002  00000002  00000000  RWIX
  INT04                 0000ffe8   00000002  00000000  00000002  RWIX
  INT05                 0000ffea   00000002  00000002  00000000  RWIX
  INT06                 0000ffec   00000002  00000002  00000000  RWIX
  INT07                 0000ffee   00000002  00000002  00000000  RWIX
  INT08                 0000fff0   00000002  00000002  00000000  RWIX
  INT09                 0000fff2   00000002  00000002  00000000  RWIX
  INT10                 0000fff4   00000002  00000002  00000000  RWIX
  INT11                 0000fff6   00000002  00000002  00000000  RWIX
  INT12                 0000fff8   00000002  00000002  00000000  RWIX
  INT13                 0000fffa   00000002  00000002  00000000  RWIX
  INT14                 0000fffc   00000002  00000002  00000000  RWIX
  RESET                 0000fffe   00000002  00000002  00000000  RWIX


SECTION ALLOCATION MAP

 output                                  attributes/
section   page    origin      length       input sections
--------  ----  ----------  ----------   ----------------
.data      0    00000200    00000088     UNINITIALIZED
                  00000200    0000002a     halGPIO.obj (.data)
                  0000022a    00000026     halGPIO.obj (.data:scriptManager)
                  00000250    0000000b     halGPIO.obj (.data:calib_val)
                  0000025b    00000001     --HOLE--
                  0000025c    00000008     halGPIO.obj (.data:dist_char_arr)
                  00000264    00000005     halGPIO.obj (.data:LDR_val)
                  00000269    00000001     --HOLE--
                  0000026a    00000004     halGPIO.obj (.data:angle_char_arr)
                  0000026e    00000003     halGPIO.obj (.data:arg1)
                  00000271    00000001     --HOLE--
                  00000272    00000003     halGPIO.obj (.data:arg2)
                  00000275    00000001     --HOLE--
                  00000276    00000003     halGPIO.obj (.data:opcode)
                  00000279    00000001     --HOLE--
                  0000027a    00000002     rts430_eabi.lib : exit_gvars.obj (.data:__TI_cleanup_ptr)
                  0000027c    00000002                     : exit_gvars.obj (.data:__TI_dtors_ptr)
                  0000027e    00000002                     : _lock.obj (.data:_lock)
                  00000280    00000002                     : _lock.obj (.data:_unlock)
                  00000282    00000002     bsp.obj (.data)
                  00000284    00000002     rts430_eabi.lib : errno.obj (.data)
                  00000286    00000002                     : exit.obj (.data)

.bss       0    00000288    0000005a     UNINITIALIZED
                  00000288    00000040     (.common:script_string)
                  000002c8    00000004     (.common:echo_arr)
                  000002cc    00000002     (.common:Flash_ptr)
                  000002ce    00000002     (.common:ISR_FLAG)
                  000002d0    00000002     (.common:diff)
                  000002d2    00000002     (.common:lpm_mode)
                  000002d4    00000002     (.common:state)
                  000002d6    00000002     (.common:state_light_detector)
                  000002d8    00000002     (.common:state_light_object_detector)
                  000002da    00000002     (.common:state_object_detector)
                  000002dc    00000002     (.common:state_script)
                  000002de    00000002     (.common:state_telemeter)
                  000002e0    00000002     (.common:val)

.stack     0    000003b0    00000050     UNINITIALIZED
                  000003b0    00000002     rts430_eabi.lib : boot.obj (.stack)
                  000003b2    0000004e     --HOLE--

.text      0    0000c000    00001c68     
                  0000c000    00000212     rts430_eabi.lib : strtol.obj (.text:strtol)
                  0000c212    0000018c     halGPIO.obj (.text:USCI0RX_ISR)
                  0000c39e    0000018a     api.obj (.text:script_fsm)
                  0000c528    00000178     api.obj (.text:play_script)
                  0000c6a0    00000172     api.obj (.text:servo_scan)
                  0000c812    00000116     rts430_eabi.lib : _printfi_min.obj (.text:_setfield)
                  0000c928    000000e6                     : _printfi_min.obj (.text:__TI_printfi_minimal)
                  0000ca0e    000000e2     main.obj (.text:main)
                  0000caf0    000000d6     halGPIO.obj (.text:USCI0TX_ISR)
                  0000cbc6    000000cc     api.obj (.text:light_detector)
                  0000cc92    000000ca     rts430_eabi.lib : _printfi_min.obj (.text:_pproc_diouxp)
                  0000cd5c    000000b2     bsp.obj (.text:lcd_init)
                  0000ce0e    00000080     api.obj (.text:rra_lcd)
                  0000ce8e    0000007c     rts430_eabi.lib : copy_decompress_lzss.obj (.text:decompress:lzss:__TI_decompress_lzss)
                  0000cf0a    00000078     api.obj (.text:sample_LDR_x)
                  0000cf82    00000070     api.obj (.text:light_object_detector)
                  0000cff2    0000006e     rts430_eabi.lib : autoinit.obj (.text:_auto_init)
                  0000d060    0000006c     halGPIO.obj (.text:PBs_handler)
                  0000d0cc    00000068     api.obj (.text:inc_lcd)
                  0000d134    00000068     api.obj (.text:telemeter)
                  0000d19c    00000060     api.obj (.text:dec_lcd)
                  0000d1fc    0000005a     bsp.obj (.text:GPIOconfig)
                  0000d256    0000005a     rts430_eabi.lib : cpy_tbl.obj (.text:copy_in)
                  0000d2b0    00000058                     : div32u.obj (.text)
                  0000d308    00000056     api.obj (.text:meas_send_angle_and_dis)
                  0000d35e    00000056     api.obj (.text:object_detector)
                  0000d3b4    00000052     rts430_eabi.lib : atoi.obj (.text:atoi)
                  0000d406    00000052     api.obj (.text:flash_write)
                  0000d458    00000050     halGPIO.obj (.text:lcd_data)
                  0000d4a8    0000004c     halGPIO.obj (.text:Timer_A1_ISR)
                  0000d4f4    0000004c     rts430_eabi.lib : lsr16.obj (.text)
                  0000d540    00000044     api.obj (.text:addScript)
                  0000d584    00000044     rts430_eabi.lib : exit.obj (.text:exit)
                  0000d5c8    00000044     api.obj (.text:measure_distance)
                  0000d60c    00000040     bsp.obj (.text:UART_Init)
                  0000d64c    0000003e     api.obj (.text:meas_and_send_distance)
                  0000d68a    0000003e     api.obj (.text:move_servo)
                  0000d6c8    0000003c     halGPIO.obj (.text:lcd_cmd)
                  0000d704    00000038     rts430_eabi.lib : sprintf.obj (.text:sprintf)
                  0000d73c    00000036     api.obj (.text:calc_and_send_angle)
                  0000d772    00000034     halGPIO.obj (.text:enterLPM)
                  0000d7a6    0000002c     rts430_eabi.lib : div16s.obj (.text)
                  0000d7d2    0000002c                     : lsl16.obj (.text)
                  0000d7fe    0000002c                     : strncpy.obj (.text:strncpy)
                  0000d82a    00000028     bsp.obj (.text:FlashConfig)
                  0000d852    00000026     rts430_eabi.lib : mult32.obj (.text)
                  0000d878    00000024     bsp.obj (.text:TIMER_A0_config_for_script)
                  0000d89c    00000024     api.obj (.text:meas_and_send_ldr)
                  0000d8c0    00000024     api.obj (.text:send_calib_arr)
                  0000d8e4    00000022     bsp.obj (.text:ADCsampLDRconfig)
                  0000d906    00000020     api.obj (.text:flash_write_calib)
                  0000d926    0000001e     bsp.obj (.text:TIMER_A0_config_for_ultrasonic)
                  0000d944    0000001c     halGPIO.obj (.text:init_flash_write)
                  0000d960    0000001c     halGPIO.obj (.text:write_with_addr_flash_char)
                  0000d97c    0000001a     rts430_eabi.lib : boot_special.obj (.text:_c_int00_noargs_noexit)
                  0000d996    0000001a                     : sprintf.obj (.text:_outs)
                  0000d9b0    0000001a     halGPIO.obj (.text:delay)
                  0000d9ca    0000001a     rts430_eabi.lib : memccpy.obj (.text:memccpy)
                  0000d9e4    0000001a     halGPIO.obj (.text:send_distance_to_pc)
                  0000d9fe    00000018     halGPIO.obj (.text:Timer_A0_ISR)
                  0000da16    00000018     halGPIO.obj (.text:disable_timerA1)
                  0000da2e    00000018     halGPIO.obj (.text:pwmOutServoConfig)
                  0000da46    00000018     halGPIO.obj (.text:pwmOutTrigConfig)
                  0000da5e    00000018     halGPIO.obj (.text:send_LDR_value)
                  0000da76    00000018     halGPIO.obj (.text:send_angle_to_pc)
                  0000da8e    00000018     halGPIO.obj (.text:send_calib)
                  0000daa6    00000016     halGPIO.obj (.text:lcd_puts)
                  0000dabc    00000016     rts430_eabi.lib : div16u.obj (.text)
                  0000dad2    00000014     halGPIO.obj (.text:DelayMs)
                  0000dae6    00000014     rts430_eabi.lib : copy_zero_init.obj (.text:decompress:ZI:__TI_zero_init)
                  0000dafa    00000014     halGPIO.obj (.text:disable_ADC)
                  0000db0e    00000014     rts430_eabi.lib : memset.obj (.text:memset)
                  0000db22    00000014                     : mult16.obj (.text)
                  0000db36    00000012                     : sprintf.obj (.text:_outc)
                  0000db48    00000012                     : copy_decompress_none.obj (.text:decompress:none:__TI_decompress_none)
                  0000db5a    00000012                     : memcpy.obj (.text:memcpy)
                  0000db6c    00000012     halGPIO.obj (.text:write_flash_char)
                  0000db7e    00000010     rts430_eabi.lib : epilog.obj (.text)
                  0000db8e    0000000e     halGPIO.obj (.text:disable_flash_write)
                  0000db9c    0000000e     rts430_eabi.lib : strlen.obj (.text:strlen)
                  0000dbaa    0000000e     halGPIO.obj (.text:sysConfig)
                  0000dbb8    0000000c     halGPIO.obj (.text:DelayUs)
                  0000dbc4    0000000c     bsp.obj (.text:TIMER_A1_config)
                  0000dbd0    0000000c     halGPIO.obj (.text:enable_ADC)
                  0000dbdc    0000000c     halGPIO.obj (.text:send_opcode)
                  0000dbe8    0000000a     halGPIO.obj (.text:lcd_cursor2)
                  0000dbf2    0000000a     halGPIO.obj (.text:lcd_cursorLeft)
                  0000dbfc    0000000a     halGPIO.obj (.text:lcd_strobe)
                  0000dc06    0000000a     halGPIO.obj (.text:send_char)
                  0000dc10    00000008     halGPIO.obj (.text:ADCconfigLDR1)
                  0000dc18    00000008     halGPIO.obj (.text:ADCconfigLDR2)
                  0000dc20    00000008     rts430_eabi.lib : isr_trap.obj (.text:_isr:__TI_ISR_TRAP)
                  0000dc28    00000008     halGPIO.obj (.text:adc_inter)
                  0000dc30    00000008     halGPIO.obj (.text:disable_timerA0)
                  0000dc38    00000008     halGPIO.obj (.text:enable_timerA0)
                  0000dc40    00000006     rts430_eabi.lib : exit.obj (.text:abort)
                  0000dc46    00000006     halGPIO.obj (.text:reset_timerA0)
                  0000dc4c    00000006     halGPIO.obj (.text:sample_ADC)
                  0000dc52    00000006     api.obj (.text:set_delay)
                  0000dc58    00000004     rts430_eabi.lib : pre_init.obj (.text:_system_pre_init)
                  0000dc5c    00000004     halGPIO.obj (.text:disable_interrupts)
                  0000dc60    00000004     halGPIO.obj (.text:enable_interrupts)
                  0000dc64    00000002     rts430_eabi.lib : _lock.obj (.text:_nop)
                  0000dc66    00000002                     : startup.obj (.text:_system_post_cinit)

.binit     0    0000c000    00000000     

.const     0    0000dc68    00000290     
                  0000dc68    00000118     api.obj (.const:.string)
                  0000dd80    00000101     rts430_eabi.lib : ctype.obj (.const:.string:_ctypes_)
                  0000de81    00000001     --HOLE-- [fill = 0]
                  0000de82    0000004a     main.obj (.const:.string)
                  0000decc    00000014     rts430_eabi.lib : _printfi_min.obj (.const:.string)
                  0000dee0    0000000c     api.obj (.const:.string:$P$T1$2)
                  0000deec    00000006     halGPIO.obj (.const:.string)
                  0000def2    00000004     api.obj (.const:.string:$P$T0$1)
                  0000def6    00000002     api.obj (.const:.string:$P$T2$3)

.cinit     0    0000def8    00000040     
                  0000def8    0000002d     (.cinit..data.load) [load image, compression = lzss]
                  0000df25    00000001     --HOLE-- [fill = 0]
                  0000df26    00000006     (__TI_handler_table)
                  0000df2c    00000004     (.cinit..bss.load) [load image, compression = zero_init]
                  0000df30    00000008     (__TI_cinit_table)

.init_array 
*          0    0000c000    00000000     UNINITIALIZED

TRAPINT    0    0000ffe0    00000002     
                  0000ffe0    00000002     rts430_eabi.lib : int00.obj (.int00)

PORT1      0    0000ffe4    00000002     
                  0000ffe4    00000002     rts430_eabi.lib : int02.obj (.int02)

PORT2      0    0000ffe6    00000002     
                  0000ffe6    00000002     halGPIO.obj (.int03)

$fill000   0    0000ffde    00000002     
                  0000ffde    00000002     --HOLE-- [fill = ffff]

ADC10      0    0000ffea    00000002     
                  0000ffea    00000002     halGPIO.obj (.int05)

USCIAB0TX 
*          0    0000ffec    00000002     
                  0000ffec    00000002     halGPIO.obj (.int06)

USCIAB0RX 
*          0    0000ffee    00000002     
                  0000ffee    00000002     halGPIO.obj (.int07)

TIMER0_A1 
*          0    0000fff0    00000002     
                  0000fff0    00000002     rts430_eabi.lib : int08.obj (.int08)

TIMER0_A0 
*          0    0000fff2    00000002     
                  0000fff2    00000002     halGPIO.obj (.int09)

WDT        0    0000fff4    00000002     
                  0000fff4    00000002     rts430_eabi.lib : int10.obj (.int10)

COMPARATORA 
*          0    0000fff6    00000002     
                  0000fff6    00000002     rts430_eabi.lib : int11.obj (.int11)

TIMER1_A1 
*          0    0000fff8    00000002     
                  0000fff8    00000002     halGPIO.obj (.int12)

TIMER1_A0 
*          0    0000fffa    00000002     
                  0000fffa    00000002     rts430_eabi.lib : int13.obj (.int13)

NMI        0    0000fffc    00000002     
                  0000fffc    00000002     rts430_eabi.lib : int14.obj (.int14)

.reset     0    0000fffe    00000002     
                  0000fffe    00000002     rts430_eabi.lib : boot.obj (.reset)

MODULE SUMMARY

       Module                     code   ro data   rw data
       ------                     ----   -------   -------
    .\source\
       api.obj                    2686   298       0      
       halGPIO.obj                1506   18        203    
       bsp.obj                    484    0         6      
       main.obj                   226    74        0      
    +--+--------------------------+------+---------+---------+
       Total:                     4902   390       209    
                                                          
    C:\ti\ccsv7\tools\compiler\ti-cgt-msp430_16.9.6.LTS\lib\rts430_eabi.lib
       _printfi_min.obj           710    20        0      
       strtol.obj                 530    0         0      
       ctype.obj                  0      257       0      
       copy_decompress_lzss.obj   124    0         0      
       autoinit.obj               110    0         0      
       sprintf.obj                100    0         0      
       cpy_tbl.obj                90     0         0      
       div32u.obj                 88     0         0      
       atoi.obj                   82     0         0      
       exit.obj                   74     0         2      
       lsr16.obj                  76     0         0      
       div16s.obj                 44     0         0      
       lsl16.obj                  44     0         0      
       strncpy.obj                44     0         0      
       mult32.obj                 38     0         0      
       boot_special.obj           26     0         0      
       memccpy.obj                26     0         0      
       div16u.obj                 22     0         0      
       copy_zero_init.obj         20     0         0      
       memset.obj                 20     0         0      
       mult16.obj                 20     0         0      
       copy_decompress_none.obj   18     0         0      
       memcpy.obj                 18     0         0      
       epilog.obj                 16     0         0      
       strlen.obj                 14     0         0      
       isr_trap.obj               8      0         0      
       _lock.obj                  2      0         4      
       exit_gvars.obj             0      0         4      
       pre_init.obj               4      0         0      
       boot.obj                   0      2         0      
       errno.obj                  0      0         2      
       int00.obj                  0      2         0      
       int02.obj                  0      2         0      
       int08.obj                  0      2         0      
       int10.obj                  0      2         0      
       int11.obj                  0      2         0      
       int13.obj                  0      2         0      
       int14.obj                  0      2         0      
       startup.obj                2      0         0      
    +--+--------------------------+------+---------+---------+
       Total:                     2370   293       12     
                                                          
       Stack:                     0      0         80     
       Linker Generated:          0      63        0      
    +--+--------------------------+------+---------+---------+
       Grand Total:               7272   746       301    


LINKER GENERATED COPY TABLES

__TI_cinit_table @ 0000df30 records: 2, size/record: 4, table size: 8
	.data: load addr=0000def8, load size=0000002d bytes, run addr=00000200, run size=00000088 bytes, compression=lzss
	.bss: load addr=0000df2c, load size=00000004 bytes, run addr=00000288, run size=0000005a bytes, compression=zero_init


LINKER GENERATED HANDLER TABLE

__TI_handler_table @ 0000df26 records: 3, size/record: 2, table size: 6
	index: 0, handler: __TI_zero_init
	index: 1, handler: __TI_decompress_lzss
	index: 2, handler: __TI_decompress_none


GLOBAL SYMBOLS: SORTED ALPHABETICALLY BY Name 

address   name                           
-------   ----                           
0000004a  ADC10AE0                       
000001b0  ADC10CTL0                      
000001b2  ADC10CTL1                      
00000048  ADC10DTC0                      
00000049  ADC10DTC1                      
000001b4  ADC10MEM                       
000001bc  ADC10SA                        
0000dc10  ADCconfigLDR1                  
0000dc18  ADCconfigLDR2                  
0000d8e4  ADCsampLDRconfig               
00000057  BCSCTL1                        
00000058  BCSCTL2                        
00000053  BCSCTL3                        
0000dc40  C$$EXIT                        
00000059  CACTL1                         
0000005a  CACTL2                         
000010fb  CALBC1_12MHZ                   
000010f9  CALBC1_16MHZ                   
000010ff  CALBC1_1MHZ                    
000010fd  CALBC1_8MHZ                    
000010fa  CALDCO_12MHZ                   
000010f8  CALDCO_16MHZ                   
000010fe  CALDCO_1MHZ                    
000010fc  CALDCO_8MHZ                    
0000005b  CAPD                           
00000056  DCOCTL                         
0000dad2  DelayMs                        
0000dbb8  DelayUs                        
00000128  FCTL1                          
0000012a  FCTL2                          
0000012c  FCTL3                          
0000d82a  FlashConfig                    
000002cc  Flash_ptr                      
0000d1fc  GPIOconfig                     
00000000  IE1                            
00000001  IE2                            
00000002  IFG1                           
00000003  IFG2                           
000002ce  ISR_FLAG                       
00000264  LDR_val                        
00000022  P1DIR                          
00000025  P1IE                           
00000024  P1IES                          
00000023  P1IFG                          
00000020  P1IN                           
00000021  P1OUT                          
00000027  P1REN                          
00000026  P1SEL                          
00000041  P1SEL2                         
0000002a  P2DIR                          
0000002d  P2IE                           
0000002c  P2IES                          
0000002b  P2IFG                          
00000028  P2IN                           
00000029  P2OUT                          
0000002f  P2REN                          
0000002e  P2SEL                          
00000042  P2SEL2                         
0000001a  P3DIR                          
00000018  P3IN                           
00000019  P3OUT                          
00000010  P3REN                          
0000001b  P3SEL                          
00000043  P3SEL2                         
0000d060  PBs_handler                    
00000172  TA0CCR0                        
00000174  TA0CCR1                        
00000176  TA0CCR2                        
00000162  TA0CCTL0                       
00000164  TA0CCTL1                       
00000166  TA0CCTL2                       
00000160  TA0CTL                         
0000012e  TA0IV                          
00000170  TA0R                           
00000192  TA1CCR0                        
00000194  TA1CCR1                        
00000196  TA1CCR2                        
00000182  TA1CCTL0                       
00000184  TA1CCTL1                       
00000186  TA1CCTL2                       
00000180  TA1CTL                         
0000011e  TA1IV                          
00000190  TA1R                           
0000d878  TIMER_A0_config_for_script     
0000d926  TIMER_A0_config_for_ultrasonic 
0000dbc4  TIMER_A1_config                
000010db  TLV_ADC10_1_LEN                
000010da  TLV_ADC10_1_TAG                
000010c0  TLV_CHECKSUM                   
000010f7  TLV_DCO_30_LEN                 
000010f6  TLV_DCO_30_TAG                 
0000d9fe  Timer_A0_ISR                   
0000d4a8  Timer_A1_ISR                   
0000d60c  UART_Init                      
0000005d  UCA0ABCTL                      
00000062  UCA0BR0                        
00000063  UCA0BR1                        
00000060  UCA0CTL0                       
00000061  UCA0CTL1                       
0000005f  UCA0IRRCTL                     
0000005e  UCA0IRTCTL                     
00000064  UCA0MCTL                       
00000066  UCA0RXBUF                      
00000065  UCA0STAT                       
00000067  UCA0TXBUF                      
0000006a  UCB0BR0                        
0000006b  UCB0BR1                        
00000068  UCB0CTL0                       
00000069  UCB0CTL1                       
0000006c  UCB0I2CIE                      
00000118  UCB0I2COA                      
0000011a  UCB0I2CSA                      
0000006e  UCB0RXBUF                      
0000006d  UCB0STAT                       
0000006f  UCB0TXBUF                      
0000c212  USCI0RX_ISR                    
0000caf0  USCI0TX_ISR                    
00000120  WDTCTL                         
00000400  __STACK_END                    
00000050  __STACK_SIZE                   
UNDEFED   __TI_BINIT_Base                
UNDEFED   __TI_BINIT_Limit               
0000df30  __TI_CINIT_Base                
0000df38  __TI_CINIT_Limit               
0000df26  __TI_Handler_Table_Base        
0000df2c  __TI_Handler_Table_Limit       
UNDEFED   __TI_INITARRAY_Base            
UNDEFED   __TI_INITARRAY_Limit           
0000dc20  __TI_ISR_TRAP                  
0000027a  __TI_cleanup_ptr               
0000ce8e  __TI_decompress_lzss           
0000db48  __TI_decompress_none           
0000027c  __TI_dtors_ptr                 
00000286  __TI_enable_exit_profile_output
0000ffe0  __TI_int00                     
0000ffe4  __TI_int02                     
0000ffe6  __TI_int03                     
0000ffea  __TI_int05                     
0000ffec  __TI_int06                     
0000ffee  __TI_int07                     
0000fff0  __TI_int08                     
0000fff2  __TI_int09                     
0000fff4  __TI_int10                     
0000fff6  __TI_int11                     
0000fff8  __TI_int12                     
0000fffa  __TI_int13                     
0000fffc  __TI_int14                     
ffffffff  __TI_pprof_out_hndl            
0000c928  __TI_printfi_minimal           
ffffffff  __TI_prof_data_size            
ffffffff  __TI_prof_data_start           
0000dae6  __TI_zero_init                 
ffffffff  __c_args__                     
0000d7a6  __mspabi_divi                  
0000dabc  __mspabi_divu                  
0000d2b0  __mspabi_divul                 
0000db8a  __mspabi_func_epilog_1         
0000db88  __mspabi_func_epilog_2         
0000db86  __mspabi_func_epilog_3         
0000db84  __mspabi_func_epilog_4         
0000db82  __mspabi_func_epilog_5         
0000db80  __mspabi_func_epilog_6         
0000db7e  __mspabi_func_epilog_7         
0000db22  __mspabi_mpyi                  
0000db22  __mspabi_mpyi_sw               
0000d852  __mspabi_mpyl                  
0000d852  __mspabi_mpyl_sw               
0000d7a6  __mspabi_remi                  
0000dabc  __mspabi_remu                  
0000d2b0  __mspabi_remul                 
0000d7d2  __mspabi_slli                  
0000d7fa  __mspabi_slli_1                
0000d7e8  __mspabi_slli_10               
0000d7e6  __mspabi_slli_11               
0000d7e4  __mspabi_slli_12               
0000d7e2  __mspabi_slli_13               
0000d7e0  __mspabi_slli_14               
0000d7de  __mspabi_slli_15               
0000d7f8  __mspabi_slli_2                
0000d7f6  __mspabi_slli_3                
0000d7f4  __mspabi_slli_4                
0000d7f2  __mspabi_slli_5                
0000d7f0  __mspabi_slli_6                
0000d7ee  __mspabi_slli_7                
0000d7ec  __mspabi_slli_8                
0000d7ea  __mspabi_slli_9                
0000d4f4  __mspabi_srli                  
0000d53a  __mspabi_srli_1                
0000d516  __mspabi_srli_10               
0000d512  __mspabi_srli_11               
0000d50e  __mspabi_srli_12               
0000d50a  __mspabi_srli_13               
0000d506  __mspabi_srli_14               
0000d502  __mspabi_srli_15               
0000d536  __mspabi_srli_2                
0000d532  __mspabi_srli_3                
0000d52e  __mspabi_srli_4                
0000d52a  __mspabi_srli_5                
0000d526  __mspabi_srli_6                
0000d522  __mspabi_srli_7                
0000d51e  __mspabi_srli_8                
0000d51a  __mspabi_srli_9                
0000cff2  _auto_init                     
0000d97c  _c_int00_noargs_noexit         
0000dd80  _ctypes_                       
0000027e  _lock                          
0000dc64  _nop                           
0000fffe  _reset_vector                  
000003b0  _stack                         
0000dc66  _system_post_cinit             
0000dc58  _system_pre_init               
00000280  _unlock                        
0000dc40  abort                          
0000dc28  adc_inter                      
0000d540  addScript                      
0000026a  angle_char_arr                 
0000026e  arg1                           
00000222  arg1_int                       
00000272  arg2                           
00000224  arg2_int                       
0000d3b4  atoi                           
00000214  avg_sample                     
0000d73c  calc_and_send_angle            
00000200  calib_flag                     
00000202  calib_ind                      
00000250  calib_val                      
00000210  calibrate_index                
00000226  capture_index                  
0000d256  copy_in                        
00000282  d                              
0000d19c  dec_lcd                        
0000d9b0  delay                          
000002d0  diff                           
0000dafa  disable_ADC                    
0000db8e  disable_flash_write            
0000dc5c  disable_interrupts             
0000dc30  disable_timerA0                
0000da16  disable_timerA1                
0000025c  dist_char_arr                  
000002c8  echo_arr                       
0000dbd0  enable_ADC                     
0000dc60  enable_interrupts              
0000dc38  enable_timerA0                 
0000d772  enterLPM                       
00000284  errno                          
0000d584  exit                           
0000d406  flash_write                    
0000d906  flash_write_calib              
0000d0cc  inc_lcd                        
0000d944  init_flash_write               
0000d6c8  lcd_cmd                        
0000dbe8  lcd_cursor2                    
0000dbf2  lcd_cursorLeft                 
0000d458  lcd_data                       
0000cd5c  lcd_init                       
0000daa6  lcd_puts                       
0000dbfc  lcd_strobe                     
0000cbc6  light_detector                 
00000212  light_flag                     
0000cf82  light_object_detector          
0000020e  light_str_ind                  
000002d2  lpm_mode                       
0000ca0e  main                           
0000d64c  meas_and_send_distance         
0000d89c  meas_and_send_ldr              
0000d308  meas_send_angle_and_dis        
0000d5c8  measure_distance               
0000d9ca  memccpy                        
0000db5a  memcpy                         
0000db0e  memset                         
0000d68a  move_servo                     
0000d35e  object_detector                
00000276  opcode                         
00000220  opcode_int                     
0000c528  play_script                    
0000da2e  pwmOutServoConfig              
0000da46  pwmOutTrigConfig               
0000dc46  reset_timerA0                  
0000ce0e  rra_lcd                        
00000216  sample1                        
00000218  sample2                        
0000dc4c  sample_ADC                     
0000cf0a  sample_LDR_x                   
0000021a  scriptFlag                     
0000022a  scriptManager                  
0000c39e  script_fsm                     
0000021c  script_index                   
0000021e  script_length                  
00000288  script_string                  
0000da5e  send_LDR_value                 
0000da76  send_angle_to_pc               
0000da8e  send_calib                     
0000d8c0  send_calib_arr                 
0000dc06  send_char                      
0000d9e4  send_distance_to_pc            
0000dbdc  send_opcode                    
0000c6a0  servo_scan                     
0000dc52  set_delay                      
0000d704  sprintf                        
000002d4  state                          
000002d6  state_light_detector           
000002d8  state_light_object_detector    
000002da  state_object_detector          
000002dc  state_script                   
000002de  state_telemeter                
0000db9c  strlen                         
0000d7fe  strncpy                        
0000c000  strtol                         
0000dbaa  sysConfig                      
00000204  tele_angle_flag                
00000208  tele_angle_int                 
0000020a  tele_flag                      
00000206  tele_index                     
0000020c  tele_str_ind                   
0000d134  telemeter                      
00000228  timer_counter                  
000002e0  val                            
0000db6c  write_flash_char               
0000d960  write_with_addr_flash_char     


GLOBAL SYMBOLS: SORTED BY Symbol Address 

address   name                           
-------   ----                           
00000000  IE1                            
00000001  IE2                            
00000002  IFG1                           
00000003  IFG2                           
00000010  P3REN                          
00000018  P3IN                           
00000019  P3OUT                          
0000001a  P3DIR                          
0000001b  P3SEL                          
00000020  P1IN                           
00000021  P1OUT                          
00000022  P1DIR                          
00000023  P1IFG                          
00000024  P1IES                          
00000025  P1IE                           
00000026  P1SEL                          
00000027  P1REN                          
00000028  P2IN                           
00000029  P2OUT                          
0000002a  P2DIR                          
0000002b  P2IFG                          
0000002c  P2IES                          
0000002d  P2IE                           
0000002e  P2SEL                          
0000002f  P2REN                          
00000041  P1SEL2                         
00000042  P2SEL2                         
00000043  P3SEL2                         
00000048  ADC10DTC0                      
00000049  ADC10DTC1                      
0000004a  ADC10AE0                       
00000050  __STACK_SIZE                   
00000053  BCSCTL3                        
00000056  DCOCTL                         
00000057  BCSCTL1                        
00000058  BCSCTL2                        
00000059  CACTL1                         
0000005a  CACTL2                         
0000005b  CAPD                           
0000005d  UCA0ABCTL                      
0000005e  UCA0IRTCTL                     
0000005f  UCA0IRRCTL                     
00000060  UCA0CTL0                       
00000061  UCA0CTL1                       
00000062  UCA0BR0                        
00000063  UCA0BR1                        
00000064  UCA0MCTL                       
00000065  UCA0STAT                       
00000066  UCA0RXBUF                      
00000067  UCA0TXBUF                      
00000068  UCB0CTL0                       
00000069  UCB0CTL1                       
0000006a  UCB0BR0                        
0000006b  UCB0BR1                        
0000006c  UCB0I2CIE                      
0000006d  UCB0STAT                       
0000006e  UCB0RXBUF                      
0000006f  UCB0TXBUF                      
00000118  UCB0I2COA                      
0000011a  UCB0I2CSA                      
0000011e  TA1IV                          
00000120  WDTCTL                         
00000128  FCTL1                          
0000012a  FCTL2                          
0000012c  FCTL3                          
0000012e  TA0IV                          
00000160  TA0CTL                         
00000162  TA0CCTL0                       
00000164  TA0CCTL1                       
00000166  TA0CCTL2                       
00000170  TA0R                           
00000172  TA0CCR0                        
00000174  TA0CCR1                        
00000176  TA0CCR2                        
00000180  TA1CTL                         
00000182  TA1CCTL0                       
00000184  TA1CCTL1                       
00000186  TA1CCTL2                       
00000190  TA1R                           
00000192  TA1CCR0                        
00000194  TA1CCR1                        
00000196  TA1CCR2                        
000001b0  ADC10CTL0                      
000001b2  ADC10CTL1                      
000001b4  ADC10MEM                       
000001bc  ADC10SA                        
00000200  calib_flag                     
00000202  calib_ind                      
00000204  tele_angle_flag                
00000206  tele_index                     
00000208  tele_angle_int                 
0000020a  tele_flag                      
0000020c  tele_str_ind                   
0000020e  light_str_ind                  
00000210  calibrate_index                
00000212  light_flag                     
00000214  avg_sample                     
00000216  sample1                        
00000218  sample2                        
0000021a  scriptFlag                     
0000021c  script_index                   
0000021e  script_length                  
00000220  opcode_int                     
00000222  arg1_int                       
00000224  arg2_int                       
00000226  capture_index                  
00000228  timer_counter                  
0000022a  scriptManager                  
00000250  calib_val                      
0000025c  dist_char_arr                  
00000264  LDR_val                        
0000026a  angle_char_arr                 
0000026e  arg1                           
00000272  arg2                           
00000276  opcode                         
0000027a  __TI_cleanup_ptr               
0000027c  __TI_dtors_ptr                 
0000027e  _lock                          
00000280  _unlock                        
00000282  d                              
00000284  errno                          
00000286  __TI_enable_exit_profile_output
00000288  script_string                  
000002c8  echo_arr                       
000002cc  Flash_ptr                      
000002ce  ISR_FLAG                       
000002d0  diff                           
000002d2  lpm_mode                       
000002d4  state                          
000002d6  state_light_detector           
000002d8  state_light_object_detector    
000002da  state_object_detector          
000002dc  state_script                   
000002de  state_telemeter                
000002e0  val                            
000003b0  _stack                         
00000400  __STACK_END                    
000010c0  TLV_CHECKSUM                   
000010da  TLV_ADC10_1_TAG                
000010db  TLV_ADC10_1_LEN                
000010f6  TLV_DCO_30_TAG                 
000010f7  TLV_DCO_30_LEN                 
000010f8  CALDCO_16MHZ                   
000010f9  CALBC1_16MHZ                   
000010fa  CALDCO_12MHZ                   
000010fb  CALBC1_12MHZ                   
000010fc  CALDCO_8MHZ                    
000010fd  CALBC1_8MHZ                    
000010fe  CALDCO_1MHZ                    
000010ff  CALBC1_1MHZ                    
0000c000  strtol                         
0000c212  USCI0RX_ISR                    
0000c39e  script_fsm                     
0000c528  play_script                    
0000c6a0  servo_scan                     
0000c928  __TI_printfi_minimal           
0000ca0e  main                           
0000caf0  USCI0TX_ISR                    
0000cbc6  light_detector                 
0000cd5c  lcd_init                       
0000ce0e  rra_lcd                        
0000ce8e  __TI_decompress_lzss           
0000cf0a  sample_LDR_x                   
0000cf82  light_object_detector          
0000cff2  _auto_init                     
0000d060  PBs_handler                    
0000d0cc  inc_lcd                        
0000d134  telemeter                      
0000d19c  dec_lcd                        
0000d1fc  GPIOconfig                     
0000d256  copy_in                        
0000d2b0  __mspabi_divul                 
0000d2b0  __mspabi_remul                 
0000d308  meas_send_angle_and_dis        
0000d35e  object_detector                
0000d3b4  atoi                           
0000d406  flash_write                    
0000d458  lcd_data                       
0000d4a8  Timer_A1_ISR                   
0000d4f4  __mspabi_srli                  
0000d502  __mspabi_srli_15               
0000d506  __mspabi_srli_14               
0000d50a  __mspabi_srli_13               
0000d50e  __mspabi_srli_12               
0000d512  __mspabi_srli_11               
0000d516  __mspabi_srli_10               
0000d51a  __mspabi_srli_9                
0000d51e  __mspabi_srli_8                
0000d522  __mspabi_srli_7                
0000d526  __mspabi_srli_6                
0000d52a  __mspabi_srli_5                
0000d52e  __mspabi_srli_4                
0000d532  __mspabi_srli_3                
0000d536  __mspabi_srli_2                
0000d53a  __mspabi_srli_1                
0000d540  addScript                      
0000d584  exit                           
0000d5c8  measure_distance               
0000d60c  UART_Init                      
0000d64c  meas_and_send_distance         
0000d68a  move_servo                     
0000d6c8  lcd_cmd                        
0000d704  sprintf                        
0000d73c  calc_and_send_angle            
0000d772  enterLPM                       
0000d7a6  __mspabi_divi                  
0000d7a6  __mspabi_remi                  
0000d7d2  __mspabi_slli                  
0000d7de  __mspabi_slli_15               
0000d7e0  __mspabi_slli_14               
0000d7e2  __mspabi_slli_13               
0000d7e4  __mspabi_slli_12               
0000d7e6  __mspabi_slli_11               
0000d7e8  __mspabi_slli_10               
0000d7ea  __mspabi_slli_9                
0000d7ec  __mspabi_slli_8                
0000d7ee  __mspabi_slli_7                
0000d7f0  __mspabi_slli_6                
0000d7f2  __mspabi_slli_5                
0000d7f4  __mspabi_slli_4                
0000d7f6  __mspabi_slli_3                
0000d7f8  __mspabi_slli_2                
0000d7fa  __mspabi_slli_1                
0000d7fe  strncpy                        
0000d82a  FlashConfig                    
0000d852  __mspabi_mpyl                  
0000d852  __mspabi_mpyl_sw               
0000d878  TIMER_A0_config_for_script     
0000d89c  meas_and_send_ldr              
0000d8c0  send_calib_arr                 
0000d8e4  ADCsampLDRconfig               
0000d906  flash_write_calib              
0000d926  TIMER_A0_config_for_ultrasonic 
0000d944  init_flash_write               
0000d960  write_with_addr_flash_char     
0000d97c  _c_int00_noargs_noexit         
0000d9b0  delay                          
0000d9ca  memccpy                        
0000d9e4  send_distance_to_pc            
0000d9fe  Timer_A0_ISR                   
0000da16  disable_timerA1                
0000da2e  pwmOutServoConfig              
0000da46  pwmOutTrigConfig               
0000da5e  send_LDR_value                 
0000da76  send_angle_to_pc               
0000da8e  send_calib                     
0000daa6  lcd_puts                       
0000dabc  __mspabi_divu                  
0000dabc  __mspabi_remu                  
0000dad2  DelayMs                        
0000dae6  __TI_zero_init                 
0000dafa  disable_ADC                    
0000db0e  memset                         
0000db22  __mspabi_mpyi                  
0000db22  __mspabi_mpyi_sw               
0000db48  __TI_decompress_none           
0000db5a  memcpy                         
0000db6c  write_flash_char               
0000db7e  __mspabi_func_epilog_7         
0000db80  __mspabi_func_epilog_6         
0000db82  __mspabi_func_epilog_5         
0000db84  __mspabi_func_epilog_4         
0000db86  __mspabi_func_epilog_3         
0000db88  __mspabi_func_epilog_2         
0000db8a  __mspabi_func_epilog_1         
0000db8e  disable_flash_write            
0000db9c  strlen                         
0000dbaa  sysConfig                      
0000dbb8  DelayUs                        
0000dbc4  TIMER_A1_config                
0000dbd0  enable_ADC                     
0000dbdc  send_opcode                    
0000dbe8  lcd_cursor2                    
0000dbf2  lcd_cursorLeft                 
0000dbfc  lcd_strobe                     
0000dc06  send_char                      
0000dc10  ADCconfigLDR1                  
0000dc18  ADCconfigLDR2                  
0000dc20  __TI_ISR_TRAP                  
0000dc28  adc_inter                      
0000dc30  disable_timerA0                
0000dc38  enable_timerA0                 
0000dc40  C$$EXIT                        
0000dc40  abort                          
0000dc46  reset_timerA0                  
0000dc4c  sample_ADC                     
0000dc52  set_delay                      
0000dc58  _system_pre_init               
0000dc5c  disable_interrupts             
0000dc60  enable_interrupts              
0000dc64  _nop                           
0000dc66  _system_post_cinit             
0000dd80  _ctypes_                       
0000df26  __TI_Handler_Table_Base        
0000df2c  __TI_Handler_Table_Limit       
0000df30  __TI_CINIT_Base                
0000df38  __TI_CINIT_Limit               
0000ffe0  __TI_int00                     
0000ffe4  __TI_int02                     
0000ffe6  __TI_int03                     
0000ffea  __TI_int05                     
0000ffec  __TI_int06                     
0000ffee  __TI_int07                     
0000fff0  __TI_int08                     
0000fff2  __TI_int09                     
0000fff4  __TI_int10                     
0000fff6  __TI_int11                     
0000fff8  __TI_int12                     
0000fffa  __TI_int13                     
0000fffc  __TI_int14                     
0000fffe  _reset_vector                  
ffffffff  __TI_pprof_out_hndl            
ffffffff  __TI_prof_data_size            
ffffffff  __TI_prof_data_start           
ffffffff  __c_args__                     
UNDEFED   __TI_BINIT_Base                
UNDEFED   __TI_BINIT_Limit               
UNDEFED   __TI_INITARRAY_Base            
UNDEFED   __TI_INITARRAY_Limit           

[319 symbols]
