<?xml version="1.0"?>
<link_info>
   <banner>MSP430 Linker PC v16.9.6.LTS</banner>
   <copyright>Copyright (c) 2003-2017 Texas Instruments Incorporated</copyright>
   <link_time>0x68a1afe8</link_time>
   <link_errors>0x0</link_errors>
   <output_file>Lab_1.out</output_file>
   <entry_point>
      <name>_c_int00_noargs_noexit</name>
      <address>0xd97c</address>
   </entry_point>
   <input_file_list>
      <input_file id="fl-2">
         <path>.\source\</path>
         <kind>object</kind>
         <file>api.obj</file>
         <name>api.obj</name>
      </input_file>
      <input_file id="fl-3">
         <path>.\source\</path>
         <kind>object</kind>
         <file>bsp.obj</file>
         <name>bsp.obj</name>
      </input_file>
      <input_file id="fl-4">
         <path>.\source\</path>
         <kind>object</kind>
         <file>halGPIO.obj</file>
         <name>halGPIO.obj</name>
      </input_file>
      <input_file id="fl-5">
         <path>.\source\</path>
         <kind>object</kind>
         <file>main.obj</file>
         <name>main.obj</name>
      </input_file>
      <input_file id="fl-a">
         <kind>object</kind>
         <file>&lt;internal&gt;</file>
         <name>&lt;internal&gt;</name>
      </input_file>
      <input_file id="fl-20">
         <path>C:\ti\ccsv7\tools\compiler\ti-cgt-msp430_16.9.6.LTS\lib\</path>
         <kind>archive</kind>
         <file>rts430_eabi.lib</file>
         <name>atoi.obj</name>
      </input_file>
      <input_file id="fl-21">
         <path>C:\ti\ccsv7\tools\compiler\ti-cgt-msp430_16.9.6.LTS\lib\</path>
         <kind>archive</kind>
         <file>rts430_eabi.lib</file>
         <name>boot.obj</name>
      </input_file>
      <input_file id="fl-22">
         <path>C:\ti\ccsv7\tools\compiler\ti-cgt-msp430_16.9.6.LTS\lib\</path>
         <kind>archive</kind>
         <file>rts430_eabi.lib</file>
         <name>boot_special.obj</name>
      </input_file>
      <input_file id="fl-23">
         <path>C:\ti\ccsv7\tools\compiler\ti-cgt-msp430_16.9.6.LTS\lib\</path>
         <kind>archive</kind>
         <file>rts430_eabi.lib</file>
         <name>copy_decompress_lzss.obj</name>
      </input_file>
      <input_file id="fl-24">
         <path>C:\ti\ccsv7\tools\compiler\ti-cgt-msp430_16.9.6.LTS\lib\</path>
         <kind>archive</kind>
         <file>rts430_eabi.lib</file>
         <name>copy_decompress_none.obj</name>
      </input_file>
      <input_file id="fl-25">
         <path>C:\ti\ccsv7\tools\compiler\ti-cgt-msp430_16.9.6.LTS\lib\</path>
         <kind>archive</kind>
         <file>rts430_eabi.lib</file>
         <name>copy_zero_init.obj</name>
      </input_file>
      <input_file id="fl-26">
         <path>C:\ti\ccsv7\tools\compiler\ti-cgt-msp430_16.9.6.LTS\lib\</path>
         <kind>archive</kind>
         <file>rts430_eabi.lib</file>
         <name>ctype.obj</name>
      </input_file>
      <input_file id="fl-27">
         <path>C:\ti\ccsv7\tools\compiler\ti-cgt-msp430_16.9.6.LTS\lib\</path>
         <kind>archive</kind>
         <file>rts430_eabi.lib</file>
         <name>div16s.obj</name>
      </input_file>
      <input_file id="fl-28">
         <path>C:\ti\ccsv7\tools\compiler\ti-cgt-msp430_16.9.6.LTS\lib\</path>
         <kind>archive</kind>
         <file>rts430_eabi.lib</file>
         <name>div16u.obj</name>
      </input_file>
      <input_file id="fl-29">
         <path>C:\ti\ccsv7\tools\compiler\ti-cgt-msp430_16.9.6.LTS\lib\</path>
         <kind>archive</kind>
         <file>rts430_eabi.lib</file>
         <name>epilog.obj</name>
      </input_file>
      <input_file id="fl-2a">
         <path>C:\ti\ccsv7\tools\compiler\ti-cgt-msp430_16.9.6.LTS\lib\</path>
         <kind>archive</kind>
         <file>rts430_eabi.lib</file>
         <name>exit.obj</name>
      </input_file>
      <input_file id="fl-2b">
         <path>C:\ti\ccsv7\tools\compiler\ti-cgt-msp430_16.9.6.LTS\lib\</path>
         <kind>archive</kind>
         <file>rts430_eabi.lib</file>
         <name>exit_gvars.obj</name>
      </input_file>
      <input_file id="fl-2c">
         <path>C:\ti\ccsv7\tools\compiler\ti-cgt-msp430_16.9.6.LTS\lib\</path>
         <kind>archive</kind>
         <file>rts430_eabi.lib</file>
         <name>int00.obj</name>
      </input_file>
      <input_file id="fl-2d">
         <path>C:\ti\ccsv7\tools\compiler\ti-cgt-msp430_16.9.6.LTS\lib\</path>
         <kind>archive</kind>
         <file>rts430_eabi.lib</file>
         <name>int02.obj</name>
      </input_file>
      <input_file id="fl-2e">
         <path>C:\ti\ccsv7\tools\compiler\ti-cgt-msp430_16.9.6.LTS\lib\</path>
         <kind>archive</kind>
         <file>rts430_eabi.lib</file>
         <name>int08.obj</name>
      </input_file>
      <input_file id="fl-2f">
         <path>C:\ti\ccsv7\tools\compiler\ti-cgt-msp430_16.9.6.LTS\lib\</path>
         <kind>archive</kind>
         <file>rts430_eabi.lib</file>
         <name>int10.obj</name>
      </input_file>
      <input_file id="fl-30">
         <path>C:\ti\ccsv7\tools\compiler\ti-cgt-msp430_16.9.6.LTS\lib\</path>
         <kind>archive</kind>
         <file>rts430_eabi.lib</file>
         <name>int11.obj</name>
      </input_file>
      <input_file id="fl-31">
         <path>C:\ti\ccsv7\tools\compiler\ti-cgt-msp430_16.9.6.LTS\lib\</path>
         <kind>archive</kind>
         <file>rts430_eabi.lib</file>
         <name>int13.obj</name>
      </input_file>
      <input_file id="fl-32">
         <path>C:\ti\ccsv7\tools\compiler\ti-cgt-msp430_16.9.6.LTS\lib\</path>
         <kind>archive</kind>
         <file>rts430_eabi.lib</file>
         <name>int14.obj</name>
      </input_file>
      <input_file id="fl-33">
         <path>C:\ti\ccsv7\tools\compiler\ti-cgt-msp430_16.9.6.LTS\lib\</path>
         <kind>archive</kind>
         <file>rts430_eabi.lib</file>
         <name>isr_trap.obj</name>
      </input_file>
      <input_file id="fl-34">
         <path>C:\ti\ccsv7\tools\compiler\ti-cgt-msp430_16.9.6.LTS\lib\</path>
         <kind>archive</kind>
         <file>rts430_eabi.lib</file>
         <name>lsl16.obj</name>
      </input_file>
      <input_file id="fl-35">
         <path>C:\ti\ccsv7\tools\compiler\ti-cgt-msp430_16.9.6.LTS\lib\</path>
         <kind>archive</kind>
         <file>rts430_eabi.lib</file>
         <name>lsr16.obj</name>
      </input_file>
      <input_file id="fl-36">
         <path>C:\ti\ccsv7\tools\compiler\ti-cgt-msp430_16.9.6.LTS\lib\</path>
         <kind>archive</kind>
         <file>rts430_eabi.lib</file>
         <name>memcpy.obj</name>
      </input_file>
      <input_file id="fl-37">
         <path>C:\ti\ccsv7\tools\compiler\ti-cgt-msp430_16.9.6.LTS\lib\</path>
         <kind>archive</kind>
         <file>rts430_eabi.lib</file>
         <name>mpu_init.obj</name>
      </input_file>
      <input_file id="fl-38">
         <path>C:\ti\ccsv7\tools\compiler\ti-cgt-msp430_16.9.6.LTS\lib\</path>
         <kind>archive</kind>
         <file>rts430_eabi.lib</file>
         <name>mult16.obj</name>
      </input_file>
      <input_file id="fl-39">
         <path>C:\ti\ccsv7\tools\compiler\ti-cgt-msp430_16.9.6.LTS\lib\</path>
         <kind>archive</kind>
         <file>rts430_eabi.lib</file>
         <name>pre_init.obj</name>
      </input_file>
      <input_file id="fl-3a">
         <path>C:\ti\ccsv7\tools\compiler\ti-cgt-msp430_16.9.6.LTS\lib\</path>
         <kind>archive</kind>
         <file>rts430_eabi.lib</file>
         <name>sprintf.obj</name>
      </input_file>
      <input_file id="fl-3b">
         <path>C:\ti\ccsv7\tools\compiler\ti-cgt-msp430_16.9.6.LTS\lib\</path>
         <kind>archive</kind>
         <file>rts430_eabi.lib</file>
         <name>strncpy.obj</name>
      </input_file>
      <input_file id="fl-3c">
         <path>C:\ti\ccsv7\tools\compiler\ti-cgt-msp430_16.9.6.LTS\lib\</path>
         <kind>archive</kind>
         <file>rts430_eabi.lib</file>
         <name>strtol.obj</name>
      </input_file>
      <input_file id="fl-3d">
         <path>C:\ti\ccsv7\tools\compiler\ti-cgt-msp430_16.9.6.LTS\lib\</path>
         <kind>archive</kind>
         <file>rts430_eabi.lib</file>
         <name>_lock.obj</name>
      </input_file>
      <input_file id="fl-3e">
         <path>C:\ti\ccsv7\tools\compiler\ti-cgt-msp430_16.9.6.LTS\lib\</path>
         <kind>archive</kind>
         <file>rts430_eabi.lib</file>
         <name>_printfi_min.obj</name>
      </input_file>
      <input_file id="fl-3f">
         <path>C:\ti\ccsv7\tools\compiler\ti-cgt-msp430_16.9.6.LTS\lib\</path>
         <kind>archive</kind>
         <file>rts430_eabi.lib</file>
         <name>args_main.obj</name>
      </input_file>
      <input_file id="fl-40">
         <path>C:\ti\ccsv7\tools\compiler\ti-cgt-msp430_16.9.6.LTS\lib\</path>
         <kind>archive</kind>
         <file>rts430_eabi.lib</file>
         <name>autoinit.obj</name>
      </input_file>
      <input_file id="fl-41">
         <path>C:\ti\ccsv7\tools\compiler\ti-cgt-msp430_16.9.6.LTS\lib\</path>
         <kind>archive</kind>
         <file>rts430_eabi.lib</file>
         <name>cpy_tbl.obj</name>
      </input_file>
      <input_file id="fl-42">
         <path>C:\ti\ccsv7\tools\compiler\ti-cgt-msp430_16.9.6.LTS\lib\</path>
         <kind>archive</kind>
         <file>rts430_eabi.lib</file>
         <name>div32u.obj</name>
      </input_file>
      <input_file id="fl-43">
         <path>C:\ti\ccsv7\tools\compiler\ti-cgt-msp430_16.9.6.LTS\lib\</path>
         <kind>archive</kind>
         <file>rts430_eabi.lib</file>
         <name>errno.obj</name>
      </input_file>
      <input_file id="fl-44">
         <path>C:\ti\ccsv7\tools\compiler\ti-cgt-msp430_16.9.6.LTS\lib\</path>
         <kind>archive</kind>
         <file>rts430_eabi.lib</file>
         <name>lsr64.obj</name>
      </input_file>
      <input_file id="fl-45">
         <path>C:\ti\ccsv7\tools\compiler\ti-cgt-msp430_16.9.6.LTS\lib\</path>
         <kind>archive</kind>
         <file>rts430_eabi.lib</file>
         <name>memccpy.obj</name>
      </input_file>
      <input_file id="fl-46">
         <path>C:\ti\ccsv7\tools\compiler\ti-cgt-msp430_16.9.6.LTS\lib\</path>
         <kind>archive</kind>
         <file>rts430_eabi.lib</file>
         <name>memset.obj</name>
      </input_file>
      <input_file id="fl-47">
         <path>C:\ti\ccsv7\tools\compiler\ti-cgt-msp430_16.9.6.LTS\lib\</path>
         <kind>archive</kind>
         <file>rts430_eabi.lib</file>
         <name>mult32.obj</name>
      </input_file>
      <input_file id="fl-48">
         <path>C:\ti\ccsv7\tools\compiler\ti-cgt-msp430_16.9.6.LTS\lib\</path>
         <kind>archive</kind>
         <file>rts430_eabi.lib</file>
         <name>startup.obj</name>
      </input_file>
      <input_file id="fl-49">
         <path>C:\ti\ccsv7\tools\compiler\ti-cgt-msp430_16.9.6.LTS\lib\</path>
         <kind>archive</kind>
         <file>rts430_eabi.lib</file>
         <name>strlen.obj</name>
      </input_file>
      <input_file id="fl-4a">
         <path>C:\ti\ccsv7\tools\compiler\ti-cgt-msp430_16.9.6.LTS\lib\</path>
         <kind>archive</kind>
         <file>rts430_eabi.lib</file>
         <name>asr16.obj</name>
      </input_file>
   </input_file_list>
   <object_component_list>
      <object_component id="oc-438">
         <name>.common:val</name>
         <uninitialized>true</uninitialized>
         <run_address>0x2e0</run_address>
         <size>0x2</size>
      </object_component>
      <object_component id="oc-1cb">
         <name>.common:ISR_FLAG</name>
         <uninitialized>true</uninitialized>
         <run_address>0x2ce</run_address>
         <size>0x2</size>
      </object_component>
      <object_component id="oc-1c7">
         <name>.common:state</name>
         <uninitialized>true</uninitialized>
         <run_address>0x2d4</run_address>
         <size>0x2</size>
      </object_component>
      <object_component id="oc-1a0">
         <name>.common:lpm_mode</name>
         <uninitialized>true</uninitialized>
         <run_address>0x2d2</run_address>
         <size>0x2</size>
      </object_component>
      <object_component id="oc-1c5">
         <name>.common:state_object_detector</name>
         <uninitialized>true</uninitialized>
         <run_address>0x2da</run_address>
         <size>0x2</size>
      </object_component>
      <object_component id="oc-1c4">
         <name>.common:state_telemeter</name>
         <uninitialized>true</uninitialized>
         <run_address>0x2de</run_address>
         <size>0x2</size>
      </object_component>
      <object_component id="oc-1c3">
         <name>.common:state_light_detector</name>
         <uninitialized>true</uninitialized>
         <run_address>0x2d6</run_address>
         <size>0x2</size>
      </object_component>
      <object_component id="oc-1c2">
         <name>.common:state_light_object_detector</name>
         <uninitialized>true</uninitialized>
         <run_address>0x2d8</run_address>
         <size>0x2</size>
      </object_component>
      <object_component id="oc-1c6">
         <name>.common:state_script</name>
         <uninitialized>true</uninitialized>
         <run_address>0x2dc</run_address>
         <size>0x2</size>
      </object_component>
      <object_component id="oc-1c8">
         <name>.common:script_string</name>
         <uninitialized>true</uninitialized>
         <run_address>0x288</run_address>
         <size>0x40</size>
      </object_component>
      <object_component id="oc-432">
         <name>.common:Flash_ptr</name>
         <uninitialized>true</uninitialized>
         <run_address>0x2cc</run_address>
         <size>0x2</size>
      </object_component>
      <object_component id="oc-1ce">
         <name>.common:echo_arr</name>
         <uninitialized>true</uninitialized>
         <run_address>0x2c8</run_address>
         <size>0x4</size>
      </object_component>
      <object_component id="oc-1cf">
         <name>.common:diff</name>
         <uninitialized>true</uninitialized>
         <run_address>0x2d0</run_address>
         <size>0x2</size>
      </object_component>
      <object_component id="oc-37d">
         <name>.data</name>
         <load_address>0x282</load_address>
         <run_address>0x282</run_address>
         <size>0x2</size>
         <input_file_ref idref="fl-3"/>
      </object_component>
      <object_component id="oc-1a5">
         <name>.data</name>
         <load_address>0x200</load_address>
         <run_address>0x200</run_address>
         <size>0x2a</size>
         <input_file_ref idref="fl-4"/>
      </object_component>
      <object_component id="oc-1a8">
         <name>.data:calib_val</name>
         <load_address>0x250</load_address>
         <run_address>0x250</run_address>
         <size>0xb</size>
         <input_file_ref idref="fl-4"/>
      </object_component>
      <object_component id="oc-1ae">
         <name>.data:angle_char_arr</name>
         <load_address>0x26a</load_address>
         <run_address>0x26a</run_address>
         <size>0x4</size>
         <input_file_ref idref="fl-4"/>
      </object_component>
      <object_component id="oc-1b1">
         <name>.data:dist_char_arr</name>
         <load_address>0x25c</load_address>
         <run_address>0x25c</run_address>
         <size>0x8</size>
         <input_file_ref idref="fl-4"/>
      </object_component>
      <object_component id="oc-1ab">
         <name>.data:LDR_val</name>
         <load_address>0x264</load_address>
         <run_address>0x264</run_address>
         <size>0x5</size>
         <input_file_ref idref="fl-4"/>
      </object_component>
      <object_component id="oc-32c">
         <name>.data:scriptManager</name>
         <load_address>0x22a</load_address>
         <run_address>0x22a</run_address>
         <size>0x26</size>
         <input_file_ref idref="fl-4"/>
      </object_component>
      <object_component id="oc-32f">
         <name>.data:opcode</name>
         <load_address>0x276</load_address>
         <run_address>0x276</run_address>
         <size>0x3</size>
         <input_file_ref idref="fl-4"/>
      </object_component>
      <object_component id="oc-338">
         <name>.data:arg1</name>
         <load_address>0x26e</load_address>
         <run_address>0x26e</run_address>
         <size>0x3</size>
         <input_file_ref idref="fl-4"/>
      </object_component>
      <object_component id="oc-33b">
         <name>.data:arg2</name>
         <load_address>0x272</load_address>
         <run_address>0x272</run_address>
         <size>0x3</size>
         <input_file_ref idref="fl-4"/>
      </object_component>
      <object_component id="oc-1e4">
         <name>.data</name>
         <load_address>0x286</load_address>
         <run_address>0x286</run_address>
         <size>0x2</size>
         <input_file_ref idref="fl-2a"/>
      </object_component>
      <object_component id="oc-1ed">
         <name>.data:__TI_cleanup_ptr</name>
         <load_address>0x27a</load_address>
         <run_address>0x27a</run_address>
         <size>0x2</size>
         <input_file_ref idref="fl-2b"/>
      </object_component>
      <object_component id="oc-1ea">
         <name>.data:__TI_dtors_ptr</name>
         <load_address>0x27c</load_address>
         <run_address>0x27c</run_address>
         <size>0x2</size>
         <input_file_ref idref="fl-2b"/>
      </object_component>
      <object_component id="oc-1e7">
         <name>.data:_lock</name>
         <load_address>0x27e</load_address>
         <run_address>0x27e</run_address>
         <size>0x2</size>
         <input_file_ref idref="fl-3d"/>
      </object_component>
      <object_component id="oc-1f0">
         <name>.data:_unlock</name>
         <load_address>0x280</load_address>
         <run_address>0x280</run_address>
         <size>0x2</size>
         <input_file_ref idref="fl-3d"/>
      </object_component>
      <object_component id="oc-406">
         <name>.data</name>
         <load_address>0x284</load_address>
         <run_address>0x284</run_address>
         <size>0x2</size>
         <input_file_ref idref="fl-43"/>
      </object_component>
      <object_component id="oc-f1">
         <name>.stack</name>
         <uninitialized>true</uninitialized>
         <run_address>0x3b0</run_address>
         <size>0x2</size>
         <input_file_ref idref="fl-21"/>
      </object_component>
      <object_component id="oc-513">
         <name>.stack</name>
         <uninitialized>true</uninitialized>
         <run_address>0x3b0</run_address>
         <size>0x0</size>
      </object_component>
      <object_component id="oc-33e">
         <name>.text:strtol</name>
         <load_address>0xc000</load_address>
         <run_address>0xc000</run_address>
         <size>0x212</size>
         <input_file_ref idref="fl-3c"/>
      </object_component>
      <object_component id="oc-133">
         <name>.text:USCI0RX_ISR</name>
         <load_address>0xc212</load_address>
         <run_address>0xc212</run_address>
         <size>0x18c</size>
         <input_file_ref idref="fl-4"/>
      </object_component>
      <object_component id="oc-20f">
         <name>.text:script_fsm</name>
         <load_address>0xc39e</load_address>
         <run_address>0xc39e</run_address>
         <size>0x18a</size>
         <input_file_ref idref="fl-2"/>
      </object_component>
      <object_component id="oc-2b4">
         <name>.text:play_script</name>
         <load_address>0xc528</load_address>
         <run_address>0xc528</run_address>
         <size>0x178</size>
         <input_file_ref idref="fl-2"/>
      </object_component>
      <object_component id="oc-2ce">
         <name>.text:servo_scan</name>
         <load_address>0xc6a0</load_address>
         <run_address>0xc6a0</run_address>
         <size>0x172</size>
         <input_file_ref idref="fl-2"/>
      </object_component>
      <object_component id="oc-495">
         <name>.text:_setfield</name>
         <load_address>0xc812</load_address>
         <run_address>0xc812</run_address>
         <size>0x116</size>
         <input_file_ref idref="fl-3e"/>
      </object_component>
      <object_component id="oc-473">
         <name>.text:__TI_printfi_minimal</name>
         <load_address>0xc928</load_address>
         <run_address>0xc928</run_address>
         <size>0xe6</size>
         <input_file_ref idref="fl-3e"/>
      </object_component>
      <object_component id="oc-16c">
         <name>.text:main</name>
         <load_address>0xca0e</load_address>
         <run_address>0xca0e</run_address>
         <size>0xe2</size>
         <input_file_ref idref="fl-5"/>
      </object_component>
      <object_component id="oc-12d">
         <name>.text:USCI0TX_ISR</name>
         <load_address>0xcaf0</load_address>
         <run_address>0xcaf0</run_address>
         <size>0xd6</size>
         <input_file_ref idref="fl-4"/>
      </object_component>
      <object_component id="oc-221">
         <name>.text:light_detector</name>
         <load_address>0xcbc6</load_address>
         <run_address>0xcbc6</run_address>
         <size>0xcc</size>
         <input_file_ref idref="fl-2"/>
      </object_component>
      <object_component id="oc-4b9">
         <name>.text:_pproc_diouxp</name>
         <load_address>0xcc92</load_address>
         <run_address>0xcc92</run_address>
         <size>0xca</size>
         <input_file_ref idref="fl-3e"/>
      </object_component>
      <object_component id="oc-1b5">
         <name>.text:lcd_init</name>
         <load_address>0xcd5c</load_address>
         <run_address>0xcd5c</run_address>
         <size>0xb2</size>
         <input_file_ref idref="fl-3"/>
      </object_component>
      <object_component id="oc-34f">
         <name>.text:rra_lcd</name>
         <load_address>0xce0e</load_address>
         <run_address>0xce0e</run_address>
         <size>0x80</size>
         <input_file_ref idref="fl-2"/>
      </object_component>
      <object_component id="oc-34">
         <name>.text:decompress:lzss:__TI_decompress_lzss</name>
         <load_address>0xce8e</load_address>
         <run_address>0xce8e</run_address>
         <size>0x7c</size>
         <input_file_ref idref="fl-23"/>
      </object_component>
      <object_component id="oc-2db">
         <name>.text:sample_LDR_x</name>
         <load_address>0xcf0a</load_address>
         <run_address>0xcf0a</run_address>
         <size>0x78</size>
         <input_file_ref idref="fl-2"/>
      </object_component>
      <object_component id="oc-21b">
         <name>.text:light_object_detector</name>
         <load_address>0xcf82</load_address>
         <run_address>0xcf82</run_address>
         <size>0x70</size>
         <input_file_ref idref="fl-2"/>
      </object_component>
      <object_component id="oc-152">
         <name>.text:_auto_init</name>
         <load_address>0xcff2</load_address>
         <run_address>0xcff2</run_address>
         <size>0x6e</size>
         <input_file_ref idref="fl-40"/>
      </object_component>
      <object_component id="oc-121">
         <name>.text:PBs_handler</name>
         <load_address>0xd060</load_address>
         <run_address>0xd060</run_address>
         <size>0x6c</size>
         <input_file_ref idref="fl-4"/>
      </object_component>
      <object_component id="oc-35b">
         <name>.text:inc_lcd</name>
         <load_address>0xd0cc</load_address>
         <run_address>0xd0cc</run_address>
         <size>0x68</size>
         <input_file_ref idref="fl-2"/>
      </object_component>
      <object_component id="oc-227">
         <name>.text:telemeter</name>
         <load_address>0xd134</load_address>
         <run_address>0xd134</run_address>
         <size>0x68</size>
         <input_file_ref idref="fl-2"/>
      </object_component>
      <object_component id="oc-355">
         <name>.text:dec_lcd</name>
         <load_address>0xd19c</load_address>
         <run_address>0xd19c</run_address>
         <size>0x60</size>
         <input_file_ref idref="fl-2"/>
      </object_component>
      <object_component id="oc-29c">
         <name>.text:GPIOconfig</name>
         <load_address>0xd1fc</load_address>
         <run_address>0xd1fc</run_address>
         <size>0x5a</size>
         <input_file_ref idref="fl-3"/>
      </object_component>
      <object_component id="oc-1d4">
         <name>.text:copy_in</name>
         <load_address>0xd256</load_address>
         <run_address>0xd256</run_address>
         <size>0x5a</size>
         <input_file_ref idref="fl-41"/>
      </object_component>
      <object_component id="oc-401">
         <name>.text</name>
         <load_address>0xd2b0</load_address>
         <run_address>0xd2b0</run_address>
         <size>0x58</size>
         <input_file_ref idref="fl-42"/>
      </object_component>
      <object_component id="oc-300">
         <name>.text:meas_send_angle_and_dis</name>
         <load_address>0xd308</load_address>
         <run_address>0xd308</run_address>
         <size>0x56</size>
         <input_file_ref idref="fl-2"/>
      </object_component>
      <object_component id="oc-22d">
         <name>.text:object_detector</name>
         <load_address>0xd35e</load_address>
         <run_address>0xd35e</run_address>
         <size>0x56</size>
         <input_file_ref idref="fl-2"/>
      </object_component>
      <object_component id="oc-2f4">
         <name>.text:atoi</name>
         <load_address>0xd3b4</load_address>
         <run_address>0xd3b4</run_address>
         <size>0x52</size>
         <input_file_ref idref="fl-20"/>
      </object_component>
      <object_component id="oc-2c6">
         <name>.text:flash_write</name>
         <load_address>0xd406</load_address>
         <run_address>0xd406</run_address>
         <size>0x52</size>
         <input_file_ref idref="fl-2"/>
      </object_component>
      <object_component id="oc-264">
         <name>.text:lcd_data</name>
         <load_address>0xd458</load_address>
         <run_address>0xd458</run_address>
         <size>0x50</size>
         <input_file_ref idref="fl-4"/>
      </object_component>
      <object_component id="oc-13f">
         <name>.text:Timer_A1_ISR</name>
         <load_address>0xd4a8</load_address>
         <run_address>0xd4a8</run_address>
         <size>0x4c</size>
         <input_file_ref idref="fl-4"/>
      </object_component>
      <object_component id="oc-fa">
         <name>.text</name>
         <load_address>0xd4f4</load_address>
         <run_address>0xd4f4</run_address>
         <size>0x4c</size>
         <input_file_ref idref="fl-35"/>
      </object_component>
      <object_component id="oc-2c0">
         <name>.text:addScript</name>
         <load_address>0xd540</load_address>
         <run_address>0xd540</run_address>
         <size>0x44</size>
         <input_file_ref idref="fl-2"/>
      </object_component>
      <object_component id="oc-15e">
         <name>.text:exit</name>
         <load_address>0xd584</load_address>
         <run_address>0xd584</run_address>
         <size>0x44</size>
         <input_file_ref idref="fl-2a"/>
      </object_component>
      <object_component id="oc-444">
         <name>.text:measure_distance</name>
         <load_address>0xd5c8</load_address>
         <run_address>0xd5c8</run_address>
         <size>0x44</size>
         <input_file_ref idref="fl-2"/>
      </object_component>
      <object_component id="oc-2a2">
         <name>.text:UART_Init</name>
         <load_address>0xd60c</load_address>
         <run_address>0xd60c</run_address>
         <size>0x40</size>
         <input_file_ref idref="fl-3"/>
      </object_component>
      <object_component id="oc-3a4">
         <name>.text:meas_and_send_distance</name>
         <load_address>0xd64c</load_address>
         <run_address>0xd64c</run_address>
         <size>0x3e</size>
         <input_file_ref idref="fl-2"/>
      </object_component>
      <object_component id="oc-2fa">
         <name>.text:move_servo</name>
         <load_address>0xd68a</load_address>
         <run_address>0xd68a</run_address>
         <size>0x3e</size>
         <input_file_ref idref="fl-2"/>
      </object_component>
      <object_component id="oc-1fc">
         <name>.text:lcd_cmd</name>
         <load_address>0xd6c8</load_address>
         <run_address>0xd6c8</run_address>
         <size>0x3c</size>
         <input_file_ref idref="fl-4"/>
      </object_component>
      <object_component id="oc-427">
         <name>.text:sprintf</name>
         <load_address>0xd704</load_address>
         <run_address>0xd704</run_address>
         <size>0x38</size>
         <input_file_ref idref="fl-3a"/>
      </object_component>
      <object_component id="oc-38c">
         <name>.text:calc_and_send_angle</name>
         <load_address>0xd73c</load_address>
         <run_address>0xd73c</run_address>
         <size>0x36</size>
         <input_file_ref idref="fl-2"/>
      </object_component>
      <object_component id="oc-233">
         <name>.text:enterLPM</name>
         <load_address>0xd772</load_address>
         <run_address>0xd772</run_address>
         <size>0x34</size>
         <input_file_ref idref="fl-4"/>
      </object_component>
      <object_component id="oc-344">
         <name>.text</name>
         <load_address>0xd7a6</load_address>
         <run_address>0xd7a6</run_address>
         <size>0x2c</size>
         <input_file_ref idref="fl-27"/>
      </object_component>
      <object_component id="oc-f5">
         <name>.text</name>
         <load_address>0xd7d2</load_address>
         <run_address>0xd7d2</run_address>
         <size>0x2c</size>
         <input_file_ref idref="fl-34"/>
      </object_component>
      <object_component id="oc-363">
         <name>.text:strncpy</name>
         <load_address>0xd7fe</load_address>
         <run_address>0xd7fe</run_address>
         <size>0x2c</size>
         <input_file_ref idref="fl-3b"/>
      </object_component>
      <object_component id="oc-36a">
         <name>.text:FlashConfig</name>
         <load_address>0xd82a</load_address>
         <run_address>0xd82a</run_address>
         <size>0x28</size>
         <input_file_ref idref="fl-3"/>
      </object_component>
      <object_component id="oc-409">
         <name>.text</name>
         <load_address>0xd852</load_address>
         <run_address>0xd852</run_address>
         <size>0x26</size>
         <input_file_ref idref="fl-47"/>
      </object_component>
      <object_component id="oc-386">
         <name>.text:TIMER_A0_config_for_script</name>
         <load_address>0xd878</load_address>
         <run_address>0xd878</run_address>
         <size>0x24</size>
         <input_file_ref idref="fl-3"/>
      </object_component>
      <object_component id="oc-3aa">
         <name>.text:meas_and_send_ldr</name>
         <load_address>0xd89c</load_address>
         <run_address>0xd89c</run_address>
         <size>0x24</size>
         <input_file_ref idref="fl-2"/>
      </object_component>
      <object_component id="oc-208">
         <name>.text:send_calib_arr</name>
         <load_address>0xd8c0</load_address>
         <run_address>0xd8c0</run_address>
         <size>0x24</size>
         <input_file_ref idref="fl-2"/>
      </object_component>
      <object_component id="oc-3be">
         <name>.text:ADCsampLDRconfig</name>
         <load_address>0xd8e4</load_address>
         <run_address>0xd8e4</run_address>
         <size>0x22</size>
         <input_file_ref idref="fl-3"/>
      </object_component>
      <object_component id="oc-2e7">
         <name>.text:flash_write_calib</name>
         <load_address>0xd906</load_address>
         <run_address>0xd906</run_address>
         <size>0x20</size>
         <input_file_ref idref="fl-2"/>
      </object_component>
      <object_component id="oc-484">
         <name>.text:TIMER_A0_config_for_ultrasonic</name>
         <load_address>0xd926</load_address>
         <run_address>0xd926</run_address>
         <size>0x1e</size>
         <input_file_ref idref="fl-3"/>
      </object_component>
      <object_component id="oc-370">
         <name>.text:init_flash_write</name>
         <load_address>0xd944</load_address>
         <run_address>0xd944</run_address>
         <size>0x1c</size>
         <input_file_ref idref="fl-4"/>
      </object_component>
      <object_component id="oc-3e4">
         <name>.text:write_with_addr_flash_char</name>
         <load_address>0xd960</load_address>
         <run_address>0xd960</run_address>
         <size>0x1c</size>
         <input_file_ref idref="fl-4"/>
      </object_component>
      <object_component id="oc-6b">
         <name>.text:_c_int00_noargs_noexit</name>
         <load_address>0xd97c</load_address>
         <run_address>0xd97c</run_address>
         <size>0x1a</size>
         <input_file_ref idref="fl-22"/>
      </object_component>
      <object_component id="oc-467">
         <name>.text:_outs</name>
         <load_address>0xd996</load_address>
         <run_address>0xd996</run_address>
         <size>0x1a</size>
         <input_file_ref idref="fl-3a"/>
      </object_component>
      <object_component id="oc-19a">
         <name>.text:delay</name>
         <load_address>0xd9b0</load_address>
         <run_address>0xd9b0</run_address>
         <size>0x1a</size>
         <input_file_ref idref="fl-4"/>
      </object_component>
      <object_component id="oc-4bf">
         <name>.text:memccpy</name>
         <load_address>0xd9ca</load_address>
         <run_address>0xd9ca</run_address>
         <size>0x1a</size>
         <input_file_ref idref="fl-45"/>
      </object_component>
      <object_component id="oc-3b0">
         <name>.text:send_distance_to_pc</name>
         <load_address>0xd9e4</load_address>
         <run_address>0xd9e4</run_address>
         <size>0x1a</size>
         <input_file_ref idref="fl-4"/>
      </object_component>
      <object_component id="oc-139">
         <name>.text:Timer_A0_ISR</name>
         <load_address>0xd9fe</load_address>
         <run_address>0xd9fe</run_address>
         <size>0x18</size>
         <input_file_ref idref="fl-4"/>
      </object_component>
      <object_component id="oc-3b6">
         <name>.text:disable_timerA1</name>
         <load_address>0xda16</load_address>
         <run_address>0xda16</run_address>
         <size>0x18</size>
         <input_file_ref idref="fl-4"/>
      </object_component>
      <object_component id="oc-392">
         <name>.text:pwmOutServoConfig</name>
         <load_address>0xda2e</load_address>
         <run_address>0xda2e</run_address>
         <size>0x18</size>
         <input_file_ref idref="fl-4"/>
      </object_component>
      <object_component id="oc-47e">
         <name>.text:pwmOutTrigConfig</name>
         <load_address>0xda46</load_address>
         <run_address>0xda46</run_address>
         <size>0x18</size>
         <input_file_ref idref="fl-4"/>
      </object_component>
      <object_component id="oc-2e1">
         <name>.text:send_LDR_value</name>
         <load_address>0xda5e</load_address>
         <run_address>0xda5e</run_address>
         <size>0x18</size>
         <input_file_ref idref="fl-4"/>
      </object_component>
      <object_component id="oc-43a">
         <name>.text:send_angle_to_pc</name>
         <load_address>0xda76</load_address>
         <run_address>0xda76</run_address>
         <size>0x18</size>
         <input_file_ref idref="fl-4"/>
      </object_component>
      <object_component id="oc-2ab">
         <name>.text:send_calib</name>
         <load_address>0xda8e</load_address>
         <run_address>0xda8e</run_address>
         <size>0x18</size>
         <input_file_ref idref="fl-4"/>
      </object_component>
      <object_component id="oc-1bc">
         <name>.text:lcd_puts</name>
         <load_address>0xdaa6</load_address>
         <run_address>0xdaa6</run_address>
         <size>0x16</size>
         <input_file_ref idref="fl-4"/>
      </object_component>
      <object_component id="oc-410">
         <name>.text</name>
         <load_address>0xdabc</load_address>
         <run_address>0xdabc</run_address>
         <size>0x16</size>
         <input_file_ref idref="fl-28"/>
      </object_component>
      <object_component id="oc-251">
         <name>.text:DelayMs</name>
         <load_address>0xdad2</load_address>
         <run_address>0xdad2</run_address>
         <size>0x14</size>
         <input_file_ref idref="fl-4"/>
      </object_component>
      <object_component id="oc-4d">
         <name>.text:decompress:ZI:__TI_zero_init</name>
         <load_address>0xdae6</load_address>
         <run_address>0xdae6</run_address>
         <size>0x14</size>
         <input_file_ref idref="fl-25"/>
      </object_component>
      <object_component id="oc-3d6">
         <name>.text:disable_ADC</name>
         <load_address>0xdafa</load_address>
         <run_address>0xdafa</run_address>
         <size>0x14</size>
         <input_file_ref idref="fl-4"/>
      </object_component>
      <object_component id="oc-4b2">
         <name>.text:memset</name>
         <load_address>0xdb0e</load_address>
         <run_address>0xdb0e</run_address>
         <size>0x14</size>
         <input_file_ref idref="fl-46"/>
      </object_component>
      <object_component id="oc-26d">
         <name>.text</name>
         <load_address>0xdb22</load_address>
         <run_address>0xdb22</run_address>
         <size>0x14</size>
         <input_file_ref idref="fl-38"/>
      </object_component>
      <object_component id="oc-46d">
         <name>.text:_outc</name>
         <load_address>0xdb36</load_address>
         <run_address>0xdb36</run_address>
         <size>0x12</size>
         <input_file_ref idref="fl-3a"/>
      </object_component>
      <object_component id="oc-3a">
         <name>.text:decompress:none:__TI_decompress_none</name>
         <load_address>0xdb48</load_address>
         <run_address>0xdb48</run_address>
         <size>0x12</size>
         <input_file_ref idref="fl-24"/>
      </object_component>
      <object_component id="oc-10f">
         <name>.text:memcpy</name>
         <load_address>0xdb5a</load_address>
         <run_address>0xdb5a</run_address>
         <size>0x12</size>
         <input_file_ref idref="fl-36"/>
      </object_component>
      <object_component id="oc-376">
         <name>.text:write_flash_char</name>
         <load_address>0xdb6c</load_address>
         <run_address>0xdb6c</run_address>
         <size>0x12</size>
         <input_file_ref idref="fl-4"/>
      </object_component>
      <object_component id="oc-ff">
         <name>.text</name>
         <load_address>0xdb7e</load_address>
         <run_address>0xdb7e</run_address>
         <size>0x10</size>
         <input_file_ref idref="fl-29"/>
      </object_component>
      <object_component id="oc-2ed">
         <name>.text:disable_flash_write</name>
         <load_address>0xdb8e</load_address>
         <run_address>0xdb8e</run_address>
         <size>0xe</size>
         <input_file_ref idref="fl-4"/>
      </object_component>
      <object_component id="oc-48f">
         <name>.text:strlen</name>
         <load_address>0xdb9c</load_address>
         <run_address>0xdb9c</run_address>
         <size>0xe</size>
         <input_file_ref idref="fl-49"/>
      </object_component>
      <object_component id="oc-1f6">
         <name>.text:sysConfig</name>
         <load_address>0xdbaa</load_address>
         <run_address>0xdbaa</run_address>
         <size>0xe</size>
         <input_file_ref idref="fl-4"/>
      </object_component>
      <object_component id="oc-25d">
         <name>.text:DelayUs</name>
         <load_address>0xdbb8</load_address>
         <run_address>0xdbb8</run_address>
         <size>0xc</size>
         <input_file_ref idref="fl-4"/>
      </object_component>
      <object_component id="oc-380">
         <name>.text:TIMER_A1_config</name>
         <load_address>0xdbc4</load_address>
         <run_address>0xdbc4</run_address>
         <size>0xc</size>
         <input_file_ref idref="fl-3"/>
      </object_component>
      <object_component id="oc-3d0">
         <name>.text:enable_ADC</name>
         <load_address>0xdbd0</load_address>
         <run_address>0xdbd0</run_address>
         <size>0xc</size>
         <input_file_ref idref="fl-4"/>
      </object_component>
      <object_component id="oc-332">
         <name>.text:send_opcode</name>
         <load_address>0xdbdc</load_address>
         <run_address>0xdbdc</run_address>
         <size>0xc</size>
         <input_file_ref idref="fl-4"/>
      </object_component>
      <object_component id="oc-215">
         <name>.text:lcd_cursor2</name>
         <load_address>0xdbe8</load_address>
         <run_address>0xdbe8</run_address>
         <size>0xa</size>
         <input_file_ref idref="fl-4"/>
      </object_component>
      <object_component id="oc-41a">
         <name>.text:lcd_cursorLeft</name>
         <load_address>0xdbf2</load_address>
         <run_address>0xdbf2</run_address>
         <size>0xa</size>
         <input_file_ref idref="fl-4"/>
      </object_component>
      <object_component id="oc-257">
         <name>.text:lcd_strobe</name>
         <load_address>0xdbfc</load_address>
         <run_address>0xdbfc</run_address>
         <size>0xa</size>
         <input_file_ref idref="fl-4"/>
      </object_component>
      <object_component id="oc-2ba">
         <name>.text:send_char</name>
         <load_address>0xdc06</load_address>
         <run_address>0xdc06</run_address>
         <size>0xa</size>
         <input_file_ref idref="fl-4"/>
      </object_component>
      <object_component id="oc-3ca">
         <name>.text:ADCconfigLDR1</name>
         <load_address>0xdc10</load_address>
         <run_address>0xdc10</run_address>
         <size>0x8</size>
         <input_file_ref idref="fl-4"/>
      </object_component>
      <object_component id="oc-3c4">
         <name>.text:ADCconfigLDR2</name>
         <load_address>0xdc18</load_address>
         <run_address>0xdc18</run_address>
         <size>0x8</size>
         <input_file_ref idref="fl-4"/>
      </object_component>
      <object_component id="oc-11c">
         <name>.text:_isr:__TI_ISR_TRAP</name>
         <load_address>0xdc20</load_address>
         <run_address>0xdc20</run_address>
         <size>0x8</size>
         <input_file_ref idref="fl-33"/>
      </object_component>
      <object_component id="oc-127">
         <name>.text:adc_inter</name>
         <load_address>0xdc28</load_address>
         <run_address>0xdc28</run_address>
         <size>0x8</size>
         <input_file_ref idref="fl-4"/>
      </object_component>
      <object_component id="oc-39e">
         <name>.text:disable_timerA0</name>
         <load_address>0xdc30</load_address>
         <run_address>0xdc30</run_address>
         <size>0x8</size>
         <input_file_ref idref="fl-4"/>
      </object_component>
      <object_component id="oc-398">
         <name>.text:enable_timerA0</name>
         <load_address>0xdc38</load_address>
         <run_address>0xdc38</run_address>
         <size>0x8</size>
         <input_file_ref idref="fl-4"/>
      </object_component>
      <object_component id="oc-174">
         <name>.text:abort</name>
         <load_address>0xdc40</load_address>
         <run_address>0xdc40</run_address>
         <size>0x6</size>
         <input_file_ref idref="fl-2a"/>
      </object_component>
      <object_component id="oc-421">
         <name>.text:reset_timerA0</name>
         <load_address>0xdc46</load_address>
         <run_address>0xdc46</run_address>
         <size>0x6</size>
         <input_file_ref idref="fl-4"/>
      </object_component>
      <object_component id="oc-3dc">
         <name>.text:sample_ADC</name>
         <load_address>0xdc4c</load_address>
         <run_address>0xdc4c</run_address>
         <size>0x6</size>
         <input_file_ref idref="fl-4"/>
      </object_component>
      <object_component id="oc-349">
         <name>.text:set_delay</name>
         <load_address>0xdc52</load_address>
         <run_address>0xdc52</run_address>
         <size>0x6</size>
         <input_file_ref idref="fl-2"/>
      </object_component>
      <object_component id="oc-14c">
         <name>.text:_system_pre_init</name>
         <load_address>0xdc58</load_address>
         <run_address>0xdc58</run_address>
         <size>0x4</size>
         <input_file_ref idref="fl-39"/>
      </object_component>
      <object_component id="oc-2d5">
         <name>.text:disable_interrupts</name>
         <load_address>0xdc5c</load_address>
         <run_address>0xdc5c</run_address>
         <size>0x4</size>
         <input_file_ref idref="fl-4"/>
      </object_component>
      <object_component id="oc-202">
         <name>.text:enable_interrupts</name>
         <load_address>0xdc60</load_address>
         <run_address>0xdc60</run_address>
         <size>0x4</size>
         <input_file_ref idref="fl-4"/>
      </object_component>
      <object_component id="oc-28a">
         <name>.text:_nop</name>
         <load_address>0xdc64</load_address>
         <run_address>0xdc64</run_address>
         <size>0x2</size>
         <input_file_ref idref="fl-3d"/>
      </object_component>
      <object_component id="oc-1da">
         <name>.text:_system_post_cinit</name>
         <load_address>0xdc66</load_address>
         <run_address>0xdc66</run_address>
         <size>0x2</size>
         <input_file_ref idref="fl-48"/>
      </object_component>
      <object_component id="oc-512">
         <name>.cinit..data.load</name>
         <load_address>0xdef8</load_address>
         <run_address>0xdef8</run_address>
         <size>0x2d</size>
      </object_component>
      <object_component id="oc-50f">
         <name>__TI_handler_table</name>
         <load_address>0xdf26</load_address>
         <run_address>0xdf26</run_address>
         <size>0x6</size>
      </object_component>
      <object_component id="oc-511">
         <name>.cinit..bss.load</name>
         <load_address>0xdf2c</load_address>
         <run_address>0xdf2c</run_address>
         <size>0x4</size>
      </object_component>
      <object_component id="oc-510">
         <name>__TI_cinit_table</name>
         <load_address>0xdf30</load_address>
         <run_address>0xdf30</run_address>
         <size>0x8</size>
      </object_component>
      <object_component id="oc-2b3">
         <name>.const:.string</name>
         <load_address>0xdc68</load_address>
         <run_address>0xdc68</run_address>
         <size>0x118</size>
         <input_file_ref idref="fl-2"/>
      </object_component>
      <object_component id="oc-3ec">
         <name>.const:.string:_ctypes_</name>
         <load_address>0xdd80</load_address>
         <run_address>0xdd80</run_address>
         <size>0x101</size>
         <input_file_ref idref="fl-26"/>
      </object_component>
      <object_component id="oc-20e">
         <name>.const:.string</name>
         <load_address>0xde82</load_address>
         <run_address>0xde82</run_address>
         <size>0x4a</size>
         <input_file_ref idref="fl-5"/>
      </object_component>
      <object_component id="oc-4b8">
         <name>.const:.string</name>
         <load_address>0xdecc</load_address>
         <run_address>0xdecc</run_address>
         <size>0x14</size>
         <input_file_ref idref="fl-3e"/>
      </object_component>
      <object_component id="oc-329">
         <name>.const:.string:$P$T1$2</name>
         <load_address>0xdee0</load_address>
         <run_address>0xdee0</run_address>
         <size>0xc</size>
         <input_file_ref idref="fl-2"/>
      </object_component>
      <object_component id="oc-1bb">
         <name>.const:.string</name>
         <load_address>0xdeec</load_address>
         <run_address>0xdeec</run_address>
         <size>0x6</size>
         <input_file_ref idref="fl-4"/>
      </object_component>
      <object_component id="oc-3f2">
         <name>.const:.string:$P$T0$1</name>
         <load_address>0xdef2</load_address>
         <run_address>0xdef2</run_address>
         <size>0x4</size>
         <input_file_ref idref="fl-2"/>
      </object_component>
      <object_component id="oc-417">
         <name>.const:.string:$P$T2$3</name>
         <load_address>0xdef6</load_address>
         <run_address>0xdef6</run_address>
         <size>0x2</size>
         <input_file_ref idref="fl-2"/>
      </object_component>
      <object_component id="oc-4d9">
         <name>.binit</name>
         <load_address>0xc000</load_address>
         <run_address>0xc000</run_address>
         <size>0x0</size>
      </object_component>
      <object_component id="oc-40">
         <name>.int00</name>
         <load_address>0xffe0</load_address>
         <run_address>0xffe0</run_address>
         <size>0x2</size>
         <input_file_ref idref="fl-2c"/>
      </object_component>
      <object_component id="oc-41">
         <name>.int02</name>
         <load_address>0xffe4</load_address>
         <run_address>0xffe4</run_address>
         <size>0x2</size>
         <input_file_ref idref="fl-2d"/>
      </object_component>
      <object_component id="oc-42">
         <name>.int03</name>
         <load_address>0xffe6</load_address>
         <run_address>0xffe6</run_address>
         <size>0x2</size>
         <input_file_ref idref="fl-4"/>
      </object_component>
      <object_component id="oc-43">
         <name>.int05</name>
         <load_address>0xffea</load_address>
         <run_address>0xffea</run_address>
         <size>0x2</size>
         <input_file_ref idref="fl-4"/>
      </object_component>
      <object_component id="oc-44">
         <name>.int06</name>
         <load_address>0xffec</load_address>
         <run_address>0xffec</run_address>
         <size>0x2</size>
         <input_file_ref idref="fl-4"/>
      </object_component>
      <object_component id="oc-45">
         <name>.int07</name>
         <load_address>0xffee</load_address>
         <run_address>0xffee</run_address>
         <size>0x2</size>
         <input_file_ref idref="fl-4"/>
      </object_component>
      <object_component id="oc-46">
         <name>.int08</name>
         <load_address>0xfff0</load_address>
         <run_address>0xfff0</run_address>
         <size>0x2</size>
         <input_file_ref idref="fl-2e"/>
      </object_component>
      <object_component id="oc-47">
         <name>.int09</name>
         <load_address>0xfff2</load_address>
         <run_address>0xfff2</run_address>
         <size>0x2</size>
         <input_file_ref idref="fl-4"/>
      </object_component>
      <object_component id="oc-48">
         <name>.int10</name>
         <load_address>0xfff4</load_address>
         <run_address>0xfff4</run_address>
         <size>0x2</size>
         <input_file_ref idref="fl-2f"/>
      </object_component>
      <object_component id="oc-49">
         <name>.int11</name>
         <load_address>0xfff6</load_address>
         <run_address>0xfff6</run_address>
         <size>0x2</size>
         <input_file_ref idref="fl-30"/>
      </object_component>
      <object_component id="oc-4a">
         <name>.int12</name>
         <load_address>0xfff8</load_address>
         <run_address>0xfff8</run_address>
         <size>0x2</size>
         <input_file_ref idref="fl-4"/>
      </object_component>
      <object_component id="oc-4b">
         <name>.int13</name>
         <load_address>0xfffa</load_address>
         <run_address>0xfffa</run_address>
         <size>0x2</size>
         <input_file_ref idref="fl-31"/>
      </object_component>
      <object_component id="oc-4c">
         <name>.int14</name>
         <load_address>0xfffc</load_address>
         <run_address>0xfffc</run_address>
         <size>0x2</size>
         <input_file_ref idref="fl-32"/>
      </object_component>
      <object_component id="oc-f4">
         <name>.reset</name>
         <load_address>0xfffe</load_address>
         <run_address>0xfffe</run_address>
         <size>0x2</size>
         <input_file_ref idref="fl-21"/>
      </object_component>
      <object_component id="oc-2b2">
         <name>.debug_info</name>
         <load_address>0x0</load_address>
         <run_address>0x0</run_address>
         <size>0xc13</size>
         <input_file_ref idref="fl-2"/>
      </object_component>
      <object_component id="oc-3f3">
         <name>.debug_info</name>
         <load_address>0xc13</load_address>
         <run_address>0xc13</run_address>
         <size>0xce</size>
         <input_file_ref idref="fl-2"/>
      </object_component>
      <object_component id="oc-32a">
         <name>.debug_info</name>
         <load_address>0xce1</load_address>
         <run_address>0xce1</run_address>
         <size>0xce</size>
         <input_file_ref idref="fl-2"/>
      </object_component>
      <object_component id="oc-418">
         <name>.debug_info</name>
         <load_address>0xdaf</load_address>
         <run_address>0xdaf</run_address>
         <size>0xce</size>
         <input_file_ref idref="fl-2"/>
      </object_component>
      <object_component id="oc-22e">
         <name>.debug_info</name>
         <load_address>0xe7d</load_address>
         <run_address>0xe7d</run_address>
         <size>0x18a</size>
         <input_file_ref idref="fl-2"/>
      </object_component>
      <object_component id="oc-229">
         <name>.debug_info</name>
         <load_address>0x1007</load_address>
         <run_address>0x1007</run_address>
         <size>0x178</size>
         <input_file_ref idref="fl-2"/>
      </object_component>
      <object_component id="oc-223">
         <name>.debug_info</name>
         <load_address>0x117f</load_address>
         <run_address>0x117f</run_address>
         <size>0x260</size>
         <input_file_ref idref="fl-2"/>
      </object_component>
      <object_component id="oc-21d">
         <name>.debug_info</name>
         <load_address>0x13df</load_address>
         <run_address>0x13df</run_address>
         <size>0x1d5</size>
         <input_file_ref idref="fl-2"/>
      </object_component>
      <object_component id="oc-211">
         <name>.debug_info</name>
         <load_address>0x15b4</load_address>
         <run_address>0x15b4</run_address>
         <size>0x410</size>
         <input_file_ref idref="fl-2"/>
      </object_component>
      <object_component id="oc-2fc">
         <name>.debug_info</name>
         <load_address>0x19c4</load_address>
         <run_address>0x19c4</run_address>
         <size>0x18b</size>
         <input_file_ref idref="fl-2"/>
      </object_component>
      <object_component id="oc-2d0">
         <name>.debug_info</name>
         <load_address>0x1b4f</load_address>
         <run_address>0x1b4f</run_address>
         <size>0x3f0</size>
         <input_file_ref idref="fl-2"/>
      </object_component>
      <object_component id="oc-446">
         <name>.debug_info</name>
         <load_address>0x1f3f</load_address>
         <run_address>0x1f3f</run_address>
         <size>0x1ab</size>
         <input_file_ref idref="fl-2"/>
      </object_component>
      <object_component id="oc-302">
         <name>.debug_info</name>
         <load_address>0x20ea</load_address>
         <run_address>0x20ea</run_address>
         <size>0x1d7</size>
         <input_file_ref idref="fl-2"/>
      </object_component>
      <object_component id="oc-3a6">
         <name>.debug_info</name>
         <load_address>0x22c1</load_address>
         <run_address>0x22c1</run_address>
         <size>0x1a2</size>
         <input_file_ref idref="fl-2"/>
      </object_component>
      <object_component id="oc-3ac">
         <name>.debug_info</name>
         <load_address>0x2463</load_address>
         <run_address>0x2463</run_address>
         <size>0x16b</size>
         <input_file_ref idref="fl-2"/>
      </object_component>
      <object_component id="oc-38e">
         <name>.debug_info</name>
         <load_address>0x25ce</load_address>
         <run_address>0x25ce</run_address>
         <size>0x17f</size>
         <input_file_ref idref="fl-2"/>
      </object_component>
      <object_component id="oc-2dd">
         <name>.debug_info</name>
         <load_address>0x274d</load_address>
         <run_address>0x274d</run_address>
         <size>0x202</size>
         <input_file_ref idref="fl-2"/>
      </object_component>
      <object_component id="oc-2b6">
         <name>.debug_info</name>
         <load_address>0x294f</load_address>
         <run_address>0x294f</run_address>
         <size>0x311</size>
         <input_file_ref idref="fl-2"/>
      </object_component>
      <object_component id="oc-2c2">
         <name>.debug_info</name>
         <load_address>0x2c60</load_address>
         <run_address>0x2c60</run_address>
         <size>0x185</size>
         <input_file_ref idref="fl-2"/>
      </object_component>
      <object_component id="oc-35d">
         <name>.debug_info</name>
         <load_address>0x2de5</load_address>
         <run_address>0x2de5</run_address>
         <size>0x242</size>
         <input_file_ref idref="fl-2"/>
      </object_component>
      <object_component id="oc-356">
         <name>.debug_info</name>
         <load_address>0x3027</load_address>
         <run_address>0x3027</run_address>
         <size>0x231</size>
         <input_file_ref idref="fl-2"/>
      </object_component>
      <object_component id="oc-350">
         <name>.debug_info</name>
         <load_address>0x3258</load_address>
         <run_address>0x3258</run_address>
         <size>0x254</size>
         <input_file_ref idref="fl-2"/>
      </object_component>
      <object_component id="oc-34a">
         <name>.debug_info</name>
         <load_address>0x34ac</load_address>
         <run_address>0x34ac</run_address>
         <size>0x131</size>
         <input_file_ref idref="fl-2"/>
      </object_component>
      <object_component id="oc-2c7">
         <name>.debug_info</name>
         <load_address>0x35dd</load_address>
         <run_address>0x35dd</run_address>
         <size>0x1bf</size>
         <input_file_ref idref="fl-2"/>
      </object_component>
      <object_component id="oc-2e8">
         <name>.debug_info</name>
         <load_address>0x379c</load_address>
         <run_address>0x379c</run_address>
         <size>0x1cb</size>
         <input_file_ref idref="fl-2"/>
      </object_component>
      <object_component id="oc-209">
         <name>.debug_info</name>
         <load_address>0x3967</load_address>
         <run_address>0x3967</run_address>
         <size>0x167</size>
         <input_file_ref idref="fl-2"/>
      </object_component>
      <object_component id="oc-31f">
         <name>.debug_info</name>
         <load_address>0x3ace</load_address>
         <run_address>0x3ace</run_address>
         <size>0x86</size>
         <input_file_ref idref="fl-2"/>
      </object_component>
      <object_component id="oc-324">
         <name>.debug_info</name>
         <load_address>0x3b54</load_address>
         <run_address>0x3b54</run_address>
         <size>0xc8</size>
         <input_file_ref idref="fl-2"/>
      </object_component>
      <object_component id="oc-242">
         <name>.debug_info</name>
         <load_address>0x3c1c</load_address>
         <run_address>0x3c1c</run_address>
         <size>0x198</size>
         <input_file_ref idref="fl-2"/>
      </object_component>
      <object_component id="oc-10a">
         <name>.debug_info</name>
         <load_address>0x3db4</load_address>
         <run_address>0x3db4</run_address>
         <size>0x84</size>
         <input_file_ref idref="fl-2"/>
      </object_component>
      <object_component id="oc-49d">
         <name>.debug_info</name>
         <load_address>0x3e38</load_address>
         <run_address>0x3e38</run_address>
         <size>0x2c</size>
         <input_file_ref idref="fl-2"/>
      </object_component>
      <object_component id="oc-1cc">
         <name>.debug_info</name>
         <load_address>0x3e64</load_address>
         <run_address>0x3e64</run_address>
         <size>0x4f6</size>
         <input_file_ref idref="fl-3"/>
      </object_component>
      <object_component id="oc-37e">
         <name>.debug_info</name>
         <load_address>0x435a</load_address>
         <run_address>0x435a</run_address>
         <size>0xc2</size>
         <input_file_ref idref="fl-3"/>
      </object_component>
      <object_component id="oc-29d">
         <name>.debug_info</name>
         <load_address>0x441c</load_address>
         <run_address>0x441c</run_address>
         <size>0x10a</size>
         <input_file_ref idref="fl-3"/>
      </object_component>
      <object_component id="oc-1b7">
         <name>.debug_info</name>
         <load_address>0x4526</load_address>
         <run_address>0x4526</run_address>
         <size>0x1e5</size>
         <input_file_ref idref="fl-3"/>
      </object_component>
      <object_component id="oc-383">
         <name>.debug_info</name>
         <load_address>0x470b</load_address>
         <run_address>0x470b</run_address>
         <size>0x114</size>
         <input_file_ref idref="fl-3"/>
      </object_component>
      <object_component id="oc-387">
         <name>.debug_info</name>
         <load_address>0x481f</load_address>
         <run_address>0x481f</run_address>
         <size>0x13e</size>
         <input_file_ref idref="fl-3"/>
      </object_component>
      <object_component id="oc-486">
         <name>.debug_info</name>
         <load_address>0x495d</load_address>
         <run_address>0x495d</run_address>
         <size>0x132</size>
         <input_file_ref idref="fl-3"/>
      </object_component>
      <object_component id="oc-3c0">
         <name>.debug_info</name>
         <load_address>0x4a8f</load_address>
         <run_address>0x4a8f</run_address>
         <size>0x116</size>
         <input_file_ref idref="fl-3"/>
      </object_component>
      <object_component id="oc-2a3">
         <name>.debug_info</name>
         <load_address>0x4ba5</load_address>
         <run_address>0x4ba5</run_address>
         <size>0x108</size>
         <input_file_ref idref="fl-3"/>
      </object_component>
      <object_component id="oc-36b">
         <name>.debug_info</name>
         <load_address>0x4cad</load_address>
         <run_address>0x4cad</run_address>
         <size>0x10c</size>
         <input_file_ref idref="fl-3"/>
      </object_component>
      <object_component id="oc-1a1">
         <name>.debug_info</name>
         <load_address>0x4db9</load_address>
         <run_address>0x4db9</run_address>
         <size>0x75d</size>
         <input_file_ref idref="fl-4"/>
      </object_component>
      <object_component id="oc-1a6">
         <name>.debug_info</name>
         <load_address>0x5516</load_address>
         <run_address>0x5516</run_address>
         <size>0x3e0</size>
         <input_file_ref idref="fl-4"/>
      </object_component>
      <object_component id="oc-1a9">
         <name>.debug_info</name>
         <load_address>0x58f6</load_address>
         <run_address>0x58f6</run_address>
         <size>0xd6</size>
         <input_file_ref idref="fl-4"/>
      </object_component>
      <object_component id="oc-1af">
         <name>.debug_info</name>
         <load_address>0x59cc</load_address>
         <run_address>0x59cc</run_address>
         <size>0xe0</size>
         <input_file_ref idref="fl-4"/>
      </object_component>
      <object_component id="oc-1b2">
         <name>.debug_info</name>
         <load_address>0x5aac</load_address>
         <run_address>0x5aac</run_address>
         <size>0xde</size>
         <input_file_ref idref="fl-4"/>
      </object_component>
      <object_component id="oc-1ac">
         <name>.debug_info</name>
         <load_address>0x5b8a</load_address>
         <run_address>0x5b8a</run_address>
         <size>0xd2</size>
         <input_file_ref idref="fl-4"/>
      </object_component>
      <object_component id="oc-32d">
         <name>.debug_info</name>
         <load_address>0x5c5c</load_address>
         <run_address>0x5c5c</run_address>
         <size>0xde</size>
         <input_file_ref idref="fl-4"/>
      </object_component>
      <object_component id="oc-330">
         <name>.debug_info</name>
         <load_address>0x5d3a</load_address>
         <run_address>0x5d3a</run_address>
         <size>0xd0</size>
         <input_file_ref idref="fl-4"/>
      </object_component>
      <object_component id="oc-339">
         <name>.debug_info</name>
         <load_address>0x5e0a</load_address>
         <run_address>0x5e0a</run_address>
         <size>0xcc</size>
         <input_file_ref idref="fl-4"/>
      </object_component>
      <object_component id="oc-33c">
         <name>.debug_info</name>
         <load_address>0x5ed6</load_address>
         <run_address>0x5ed6</run_address>
         <size>0xcc</size>
         <input_file_ref idref="fl-4"/>
      </object_component>
      <object_component id="oc-1f7">
         <name>.debug_info</name>
         <load_address>0x5fa2</load_address>
         <run_address>0x5fa2</run_address>
         <size>0x144</size>
         <input_file_ref idref="fl-4"/>
      </object_component>
      <object_component id="oc-393">
         <name>.debug_info</name>
         <load_address>0x60e6</load_address>
         <run_address>0x60e6</run_address>
         <size>0x146</size>
         <input_file_ref idref="fl-4"/>
      </object_component>
      <object_component id="oc-47f">
         <name>.debug_info</name>
         <load_address>0x622c</load_address>
         <run_address>0x622c</run_address>
         <size>0x122</size>
         <input_file_ref idref="fl-4"/>
      </object_component>
      <object_component id="oc-1fd">
         <name>.debug_info</name>
         <load_address>0x634e</load_address>
         <run_address>0x634e</run_address>
         <size>0x16c</size>
         <input_file_ref idref="fl-4"/>
      </object_component>
      <object_component id="oc-265">
         <name>.debug_info</name>
         <load_address>0x64ba</load_address>
         <run_address>0x64ba</run_address>
         <size>0x16e</size>
         <input_file_ref idref="fl-4"/>
      </object_component>
      <object_component id="oc-258">
         <name>.debug_info</name>
         <load_address>0x6628</load_address>
         <run_address>0x6628</run_address>
         <size>0x116</size>
         <input_file_ref idref="fl-4"/>
      </object_component>
      <object_component id="oc-216">
         <name>.debug_info</name>
         <load_address>0x673e</load_address>
         <run_address>0x673e</run_address>
         <size>0x126</size>
         <input_file_ref idref="fl-4"/>
      </object_component>
      <object_component id="oc-41b">
         <name>.debug_info</name>
         <load_address>0x6864</load_address>
         <run_address>0x6864</run_address>
         <size>0x12c</size>
         <input_file_ref idref="fl-4"/>
      </object_component>
      <object_component id="oc-1bd">
         <name>.debug_info</name>
         <load_address>0x6990</load_address>
         <run_address>0x6990</run_address>
         <size>0x137</size>
         <input_file_ref idref="fl-4"/>
      </object_component>
      <object_component id="oc-19b">
         <name>.debug_info</name>
         <load_address>0x6ac7</load_address>
         <run_address>0x6ac7</run_address>
         <size>0x12e</size>
         <input_file_ref idref="fl-4"/>
      </object_component>
      <object_component id="oc-25e">
         <name>.debug_info</name>
         <load_address>0x6bf5</load_address>
         <run_address>0x6bf5</run_address>
         <size>0x139</size>
         <input_file_ref idref="fl-4"/>
      </object_component>
      <object_component id="oc-252">
         <name>.debug_info</name>
         <load_address>0x6d2e</load_address>
         <run_address>0x6d2e</run_address>
         <size>0x147</size>
         <input_file_ref idref="fl-4"/>
      </object_component>
      <object_component id="oc-371">
         <name>.debug_info</name>
         <load_address>0x6e75</load_address>
         <run_address>0x6e75</run_address>
         <size>0x144</size>
         <input_file_ref idref="fl-4"/>
      </object_component>
      <object_component id="oc-2ee">
         <name>.debug_info</name>
         <load_address>0x6fb9</load_address>
         <run_address>0x6fb9</run_address>
         <size>0x128</size>
         <input_file_ref idref="fl-4"/>
      </object_component>
      <object_component id="oc-3e5">
         <name>.debug_info</name>
         <load_address>0x70e1</load_address>
         <run_address>0x70e1</run_address>
         <size>0x17e</size>
         <input_file_ref idref="fl-4"/>
      </object_component>
      <object_component id="oc-377">
         <name>.debug_info</name>
         <load_address>0x725f</load_address>
         <run_address>0x725f</run_address>
         <size>0x148</size>
         <input_file_ref idref="fl-4"/>
      </object_component>
      <object_component id="oc-234">
         <name>.debug_info</name>
         <load_address>0x73a7</load_address>
         <run_address>0x73a7</run_address>
         <size>0x14b</size>
         <input_file_ref idref="fl-4"/>
      </object_component>
      <object_component id="oc-203">
         <name>.debug_info</name>
         <load_address>0x74f2</load_address>
         <run_address>0x74f2</run_address>
         <size>0x127</size>
         <input_file_ref idref="fl-4"/>
      </object_component>
      <object_component id="oc-2d6">
         <name>.debug_info</name>
         <load_address>0x7619</load_address>
         <run_address>0x7619</run_address>
         <size>0x129</size>
         <input_file_ref idref="fl-4"/>
      </object_component>
      <object_component id="oc-3b7">
         <name>.debug_info</name>
         <load_address>0x7742</load_address>
         <run_address>0x7742</run_address>
         <size>0x123</size>
         <input_file_ref idref="fl-4"/>
      </object_component>
      <object_component id="oc-399">
         <name>.debug_info</name>
         <load_address>0x7865</load_address>
         <run_address>0x7865</run_address>
         <size>0x121</size>
         <input_file_ref idref="fl-4"/>
      </object_component>
      <object_component id="oc-39f">
         <name>.debug_info</name>
         <load_address>0x7986</load_address>
         <run_address>0x7986</run_address>
         <size>0x123</size>
         <input_file_ref idref="fl-4"/>
      </object_component>
      <object_component id="oc-422">
         <name>.debug_info</name>
         <load_address>0x7aa9</load_address>
         <run_address>0x7aa9</run_address>
         <size>0x11f</size>
         <input_file_ref idref="fl-4"/>
      </object_component>
      <object_component id="oc-3d1">
         <name>.debug_info</name>
         <load_address>0x7bc8</load_address>
         <run_address>0x7bc8</run_address>
         <size>0x119</size>
         <input_file_ref idref="fl-4"/>
      </object_component>
      <object_component id="oc-3d7">
         <name>.debug_info</name>
         <load_address>0x7ce1</load_address>
         <run_address>0x7ce1</run_address>
         <size>0x11b</size>
         <input_file_ref idref="fl-4"/>
      </object_component>
      <object_component id="oc-3dd">
         <name>.debug_info</name>
         <load_address>0x7dfc</load_address>
         <run_address>0x7dfc</run_address>
         <size>0x11d</size>
         <input_file_ref idref="fl-4"/>
      </object_component>
      <object_component id="oc-3cb">
         <name>.debug_info</name>
         <load_address>0x7f19</load_address>
         <run_address>0x7f19</run_address>
         <size>0x11f</size>
         <input_file_ref idref="fl-4"/>
      </object_component>
      <object_component id="oc-3c5">
         <name>.debug_info</name>
         <load_address>0x8038</load_address>
         <run_address>0x8038</run_address>
         <size>0x11f</size>
         <input_file_ref idref="fl-4"/>
      </object_component>
      <object_component id="oc-3b2">
         <name>.debug_info</name>
         <load_address>0x8157</load_address>
         <run_address>0x8157</run_address>
         <size>0x12b</size>
         <input_file_ref idref="fl-4"/>
      </object_component>
      <object_component id="oc-43c">
         <name>.debug_info</name>
         <load_address>0x8282</load_address>
         <run_address>0x8282</run_address>
         <size>0x125</size>
         <input_file_ref idref="fl-4"/>
      </object_component>
      <object_component id="oc-2e3">
         <name>.debug_info</name>
         <load_address>0x83a7</load_address>
         <run_address>0x83a7</run_address>
         <size>0x121</size>
         <input_file_ref idref="fl-4"/>
      </object_component>
      <object_component id="oc-334">
         <name>.debug_info</name>
         <load_address>0x84c8</load_address>
         <run_address>0x84c8</run_address>
         <size>0x11b</size>
         <input_file_ref idref="fl-4"/>
      </object_component>
      <object_component id="oc-2bc">
         <name>.debug_info</name>
         <load_address>0x85e3</load_address>
         <run_address>0x85e3</run_address>
         <size>0x12d</size>
         <input_file_ref idref="fl-4"/>
      </object_component>
      <object_component id="oc-2ad">
         <name>.debug_info</name>
         <load_address>0x8710</load_address>
         <run_address>0x8710</run_address>
         <size>0x119</size>
         <input_file_ref idref="fl-4"/>
      </object_component>
      <object_component id="oc-123">
         <name>.debug_info</name>
         <load_address>0x8829</load_address>
         <run_address>0x8829</run_address>
         <size>0x128</size>
         <input_file_ref idref="fl-4"/>
      </object_component>
      <object_component id="oc-141">
         <name>.debug_info</name>
         <load_address>0x8951</load_address>
         <run_address>0x8951</run_address>
         <size>0x11e</size>
         <input_file_ref idref="fl-4"/>
      </object_component>
      <object_component id="oc-13b">
         <name>.debug_info</name>
         <load_address>0x8a6f</load_address>
         <run_address>0x8a6f</run_address>
         <size>0x11e</size>
         <input_file_ref idref="fl-4"/>
      </object_component>
      <object_component id="oc-129">
         <name>.debug_info</name>
         <load_address>0x8b8d</load_address>
         <run_address>0x8b8d</run_address>
         <size>0x118</size>
         <input_file_ref idref="fl-4"/>
      </object_component>
      <object_component id="oc-12f">
         <name>.debug_info</name>
         <load_address>0x8ca5</load_address>
         <run_address>0x8ca5</run_address>
         <size>0x11c</size>
         <input_file_ref idref="fl-4"/>
      </object_component>
      <object_component id="oc-135">
         <name>.debug_info</name>
         <load_address>0x8dc1</load_address>
         <run_address>0x8dc1</run_address>
         <size>0x145</size>
         <input_file_ref idref="fl-4"/>
      </object_component>
      <object_component id="oc-16d">
         <name>.debug_info</name>
         <load_address>0x8f06</load_address>
         <run_address>0x8f06</run_address>
         <size>0x30a</size>
         <input_file_ref idref="fl-5"/>
      </object_component>
      <object_component id="oc-3f0">
         <name>.debug_info</name>
         <load_address>0x9210</load_address>
         <run_address>0x9210</run_address>
         <size>0x186</size>
         <input_file_ref idref="fl-20"/>
      </object_component>
      <object_component id="oc-2f5">
         <name>.debug_info</name>
         <load_address>0x9396</load_address>
         <run_address>0x9396</run_address>
         <size>0x185</size>
         <input_file_ref idref="fl-20"/>
      </object_component>
      <object_component id="oc-f2">
         <name>.debug_info</name>
         <load_address>0x951b</load_address>
         <run_address>0x951b</run_address>
         <size>0xf5</size>
         <input_file_ref idref="fl-21"/>
      </object_component>
      <object_component id="oc-6c">
         <name>.debug_info</name>
         <load_address>0x9610</load_address>
         <run_address>0x9610</run_address>
         <size>0x196</size>
         <input_file_ref idref="fl-22"/>
      </object_component>
      <object_component id="oc-18a">
         <name>.debug_info</name>
         <load_address>0x97a6</load_address>
         <run_address>0x97a6</run_address>
         <size>0x16b</size>
         <input_file_ref idref="fl-23"/>
      </object_component>
      <object_component id="oc-35">
         <name>.debug_info</name>
         <load_address>0x9911</load_address>
         <run_address>0x9911</run_address>
         <size>0x287</size>
         <input_file_ref idref="fl-23"/>
      </object_component>
      <object_component id="oc-105">
         <name>.debug_info</name>
         <load_address>0x9b98</load_address>
         <run_address>0x9b98</run_address>
         <size>0x60</size>
         <input_file_ref idref="fl-23"/>
      </object_component>
      <object_component id="oc-185">
         <name>.debug_info</name>
         <load_address>0x9bf8</load_address>
         <run_address>0x9bf8</run_address>
         <size>0x46</size>
         <input_file_ref idref="fl-23"/>
      </object_component>
      <object_component id="oc-11b">
         <name>.debug_info</name>
         <load_address>0x9c3e</load_address>
         <run_address>0x9c3e</run_address>
         <size>0x1b2</size>
         <input_file_ref idref="fl-24"/>
      </object_component>
      <object_component id="oc-3c">
         <name>.debug_info</name>
         <load_address>0x9df0</load_address>
         <run_address>0x9df0</run_address>
         <size>0x1df</size>
         <input_file_ref idref="fl-24"/>
      </object_component>
      <object_component id="oc-116">
         <name>.debug_info</name>
         <load_address>0x9fcf</load_address>
         <run_address>0x9fcf</run_address>
         <size>0x46</size>
         <input_file_ref idref="fl-24"/>
      </object_component>
      <object_component id="oc-192">
         <name>.debug_info</name>
         <load_address>0xa015</load_address>
         <run_address>0xa015</run_address>
         <size>0x2c</size>
         <input_file_ref idref="fl-24"/>
      </object_component>
      <object_component id="oc-14b">
         <name>.debug_info</name>
         <load_address>0xa041</load_address>
         <run_address>0xa041</run_address>
         <size>0x16a</size>
         <input_file_ref idref="fl-25"/>
      </object_component>
      <object_component id="oc-4e">
         <name>.debug_info</name>
         <load_address>0xa1ab</load_address>
         <run_address>0xa1ab</run_address>
         <size>0x1b5</size>
         <input_file_ref idref="fl-25"/>
      </object_component>
      <object_component id="oc-146">
         <name>.debug_info</name>
         <load_address>0xa360</load_address>
         <run_address>0xa360</run_address>
         <size>0x46</size>
         <input_file_ref idref="fl-25"/>
      </object_component>
      <object_component id="oc-18d">
         <name>.debug_info</name>
         <load_address>0xa3a6</load_address>
         <run_address>0xa3a6</run_address>
         <size>0x2c</size>
         <input_file_ref idref="fl-25"/>
      </object_component>
      <object_component id="oc-457">
         <name>.debug_info</name>
         <load_address>0xa3d2</load_address>
         <run_address>0xa3d2</run_address>
         <size>0xee</size>
         <input_file_ref idref="fl-26"/>
      </object_component>
      <object_component id="oc-3ed">
         <name>.debug_info</name>
         <load_address>0xa4c0</load_address>
         <run_address>0xa4c0</run_address>
         <size>0xfa</size>
         <input_file_ref idref="fl-26"/>
      </object_component>
      <object_component id="oc-345">
         <name>.debug_info</name>
         <load_address>0xa5ba</load_address>
[...]
         <value>0xdb8e</value>
         <object_component_ref idref="oc-2ed"/>
      </symbol>
      <symbol id="sm-402">
         <name>send_distance_to_pc</name>
         <value>0xd9e4</value>
         <object_component_ref idref="oc-3b0"/>
      </symbol>
      <symbol id="sm-403">
         <name>delay</name>
         <value>0xd9b0</value>
         <object_component_ref idref="oc-19a"/>
      </symbol>
      <symbol id="sm-404">
         <name>arg2_int</name>
         <value>0x224</value>
         <object_component_ref idref="oc-1a5"/>
      </symbol>
      <symbol id="sm-405">
         <name>tele_str_ind</name>
         <value>0x20c</value>
         <object_component_ref idref="oc-1a5"/>
      </symbol>
      <symbol id="sm-406">
         <name>lcd_cursorLeft</name>
         <value>0xdbf2</value>
         <object_component_ref idref="oc-41a"/>
      </symbol>
      <symbol id="sm-407">
         <name>disable_ADC</name>
         <value>0xdafa</value>
         <object_component_ref idref="oc-3d6"/>
      </symbol>
      <symbol id="sm-408">
         <name>light_flag</name>
         <value>0x212</value>
         <object_component_ref idref="oc-1a5"/>
      </symbol>
      <symbol id="sm-409">
         <name>Timer_A0_ISR</name>
         <value>0xd9fe</value>
         <object_component_ref idref="oc-139"/>
      </symbol>
      <symbol id="sm-40a">
         <name>calib_ind</name>
         <value>0x202</value>
         <object_component_ref idref="oc-1a5"/>
      </symbol>
      <symbol id="sm-40b">
         <name>opcode</name>
         <value>0x276</value>
         <object_component_ref idref="oc-32f"/>
      </symbol>
      <symbol id="sm-40c">
         <name>sample_ADC</name>
         <value>0xdc4c</value>
         <object_component_ref idref="oc-3dc"/>
      </symbol>
      <symbol id="sm-40d">
         <name>enable_timerA0</name>
         <value>0xdc38</value>
         <object_component_ref idref="oc-398"/>
      </symbol>
      <symbol id="sm-40e">
         <name>pwmOutServoConfig</name>
         <value>0xda2e</value>
         <object_component_ref idref="oc-392"/>
      </symbol>
      <symbol id="sm-40f">
         <name>sysConfig</name>
         <value>0xdbaa</value>
         <object_component_ref idref="oc-1f6"/>
      </symbol>
      <symbol id="sm-410">
         <name>lcd_data</name>
         <value>0xd458</value>
         <object_component_ref idref="oc-264"/>
      </symbol>
      <symbol id="sm-411">
         <name>lcd_cmd</name>
         <value>0xd6c8</value>
         <object_component_ref idref="oc-1fc"/>
      </symbol>
      <symbol id="sm-412">
         <name>Timer_A1_ISR</name>
         <value>0xd4a8</value>
         <object_component_ref idref="oc-13f"/>
      </symbol>
      <symbol id="sm-413">
         <name>scriptFlag</name>
         <value>0x21a</value>
         <object_component_ref idref="oc-1a5"/>
      </symbol>
      <symbol id="sm-414">
         <name>send_opcode</name>
         <value>0xdbdc</value>
         <object_component_ref idref="oc-332"/>
      </symbol>
      <symbol id="sm-415">
         <name>scriptManager</name>
         <value>0x22a</value>
         <object_component_ref idref="oc-32c"/>
      </symbol>
      <symbol id="sm-416">
         <name>lcd_puts</name>
         <value>0xdaa6</value>
         <object_component_ref idref="oc-1bc"/>
      </symbol>
      <symbol id="sm-417">
         <name>reset_timerA0</name>
         <value>0xdc46</value>
         <object_component_ref idref="oc-421"/>
      </symbol>
      <symbol id="sm-418">
         <name>avg_sample</name>
         <value>0x214</value>
         <object_component_ref idref="oc-1a5"/>
      </symbol>
      <symbol id="sm-419">
         <name>calibrate_index</name>
         <value>0x210</value>
         <object_component_ref idref="oc-1a5"/>
      </symbol>
      <symbol id="sm-41a">
         <name>enable_interrupts</name>
         <value>0xdc60</value>
         <object_component_ref idref="oc-202"/>
      </symbol>
      <symbol id="sm-41b">
         <name>send_angle_to_pc</name>
         <value>0xda76</value>
         <object_component_ref idref="oc-43a"/>
      </symbol>
      <symbol id="sm-41c">
         <name>light_str_ind</name>
         <value>0x20e</value>
         <object_component_ref idref="oc-1a5"/>
      </symbol>
      <symbol id="sm-41d">
         <name>calib_flag</name>
         <value>0x200</value>
         <object_component_ref idref="oc-1a5"/>
      </symbol>
      <symbol id="sm-41e">
         <name>angle_char_arr</name>
         <value>0x26a</value>
         <object_component_ref idref="oc-1ae"/>
      </symbol>
      <symbol id="sm-41f">
         <name>DelayUs</name>
         <value>0xdbb8</value>
         <object_component_ref idref="oc-25d"/>
      </symbol>
      <symbol id="sm-420">
         <name>write_with_addr_flash_char</name>
         <value>0xd960</value>
         <object_component_ref idref="oc-3e4"/>
      </symbol>
      <symbol id="sm-421">
         <name>capture_index</name>
         <value>0x226</value>
         <object_component_ref idref="oc-1a5"/>
      </symbol>
      <symbol id="sm-422">
         <name>send_char</name>
         <value>0xdc06</value>
         <object_component_ref idref="oc-2ba"/>
      </symbol>
      <symbol id="sm-423">
         <name>script_index</name>
         <value>0x21c</value>
         <object_component_ref idref="oc-1a5"/>
      </symbol>
      <symbol id="sm-424">
         <name>calib_val</name>
         <value>0x250</value>
         <object_component_ref idref="oc-1a8"/>
      </symbol>
      <symbol id="sm-43d">
         <name>main</name>
         <value>0xca0e</value>
         <object_component_ref idref="oc-16c"/>
      </symbol>
      <symbol id="sm-450">
         <name>atoi</name>
         <value>0xd3b4</value>
         <object_component_ref idref="oc-2f4"/>
      </symbol>
      <symbol id="sm-458">
         <name>_stack</name>
         <value>0x3b0</value>
         <object_component_ref idref="oc-f1"/>
      </symbol>
      <symbol id="sm-459">
         <name>_reset_vector</name>
         <value>0xfffe</value>
         <object_component_ref idref="oc-f4"/>
      </symbol>
      <symbol id="sm-463">
         <name>_c_int00_noargs_noexit</name>
         <value>0xd97c</value>
         <object_component_ref idref="oc-6b"/>
      </symbol>
      <symbol id="sm-481">
         <name>__TI_decompress_lzss</name>
         <value>0xce8e</value>
         <object_component_ref idref="oc-34"/>
      </symbol>
      <symbol id="sm-497">
         <name>__TI_decompress_none</name>
         <value>0xdb48</value>
         <object_component_ref idref="oc-3a"/>
      </symbol>
      <symbol id="sm-4af">
         <name>__TI_zero_init</name>
         <value>0xdae6</value>
         <object_component_ref idref="oc-4d"/>
      </symbol>
      <symbol id="sm-4b9">
         <name>_ctypes_</name>
         <value>0xdd80</value>
         <object_component_ref idref="oc-3ec"/>
      </symbol>
      <symbol id="sm-4c5">
         <name>__mspabi_remi</name>
         <value>0xd7a6</value>
         <object_component_ref idref="oc-344"/>
      </symbol>
      <symbol id="sm-4c6">
         <name>__mspabi_divi</name>
         <value>0xd7a6</value>
         <object_component_ref idref="oc-344"/>
      </symbol>
      <symbol id="sm-4d0">
         <name>__mspabi_remu</name>
         <value>0xdabc</value>
         <object_component_ref idref="oc-410"/>
      </symbol>
      <symbol id="sm-4d1">
         <name>__mspabi_divu</name>
         <value>0xdabc</value>
         <object_component_ref idref="oc-410"/>
      </symbol>
      <symbol id="sm-4da">
         <name>__mspabi_func_epilog_2</name>
         <value>0xdb88</value>
         <object_component_ref idref="oc-ff"/>
      </symbol>
      <symbol id="sm-4db">
         <name>__mspabi_func_epilog_3</name>
         <value>0xdb86</value>
         <object_component_ref idref="oc-ff"/>
      </symbol>
      <symbol id="sm-4dc">
         <name>__mspabi_func_epilog_1</name>
         <value>0xdb8a</value>
         <object_component_ref idref="oc-ff"/>
      </symbol>
      <symbol id="sm-4dd">
         <name>__mspabi_func_epilog_6</name>
         <value>0xdb80</value>
         <object_component_ref idref="oc-ff"/>
      </symbol>
      <symbol id="sm-4de">
         <name>__mspabi_func_epilog_7</name>
         <value>0xdb7e</value>
         <object_component_ref idref="oc-ff"/>
      </symbol>
      <symbol id="sm-4df">
         <name>__mspabi_func_epilog_4</name>
         <value>0xdb84</value>
         <object_component_ref idref="oc-ff"/>
      </symbol>
      <symbol id="sm-4e0">
         <name>__mspabi_func_epilog_5</name>
         <value>0xdb82</value>
         <object_component_ref idref="oc-ff"/>
      </symbol>
      <symbol id="sm-4fd">
         <name>C$$EXIT</name>
         <value>0xdc40</value>
         <object_component_ref idref="oc-174"/>
      </symbol>
      <symbol id="sm-4fe">
         <name>abort</name>
         <value>0xdc40</value>
         <object_component_ref idref="oc-174"/>
      </symbol>
      <symbol id="sm-4ff">
         <name>exit</name>
         <value>0xd584</value>
         <object_component_ref idref="oc-15e"/>
      </symbol>
      <symbol id="sm-500">
         <name>__TI_enable_exit_profile_output</name>
         <value>0x286</value>
         <object_component_ref idref="oc-1e4"/>
      </symbol>
      <symbol id="sm-50f">
         <name>__TI_dtors_ptr</name>
         <value>0x27c</value>
         <object_component_ref idref="oc-1ea"/>
      </symbol>
      <symbol id="sm-510">
         <name>__TI_cleanup_ptr</name>
         <value>0x27a</value>
         <object_component_ref idref="oc-1ed"/>
      </symbol>
      <symbol id="sm-513">
         <name>__TI_int00</name>
         <value>0xffe0</value>
         <object_component_ref idref="oc-40"/>
      </symbol>
      <symbol id="sm-516">
         <name>__TI_int02</name>
         <value>0xffe4</value>
         <object_component_ref idref="oc-41"/>
      </symbol>
      <symbol id="sm-519">
         <name>__TI_int08</name>
         <value>0xfff0</value>
         <object_component_ref idref="oc-46"/>
      </symbol>
      <symbol id="sm-51c">
         <name>__TI_int10</name>
         <value>0xfff4</value>
         <object_component_ref idref="oc-48"/>
      </symbol>
      <symbol id="sm-51f">
         <name>__TI_int11</name>
         <value>0xfff6</value>
         <object_component_ref idref="oc-49"/>
      </symbol>
      <symbol id="sm-522">
         <name>__TI_int13</name>
         <value>0xfffa</value>
         <object_component_ref idref="oc-4b"/>
      </symbol>
      <symbol id="sm-525">
         <name>__TI_int14</name>
         <value>0xfffc</value>
         <object_component_ref idref="oc-4c"/>
      </symbol>
      <symbol id="sm-52d">
         <name>__TI_ISR_TRAP</name>
         <value>0xdc20</value>
         <object_component_ref idref="oc-11c"/>
      </symbol>
      <symbol id="sm-535">
         <name>__mspabi_slli</name>
         <value>0xd7d2</value>
         <object_component_ref idref="oc-f5"/>
      </symbol>
      <symbol id="sm-536">
         <name>__mspabi_slli_9</name>
         <value>0xd7ea</value>
         <object_component_ref idref="oc-f5"/>
      </symbol>
      <symbol id="sm-537">
         <name>__mspabi_slli_8</name>
         <value>0xd7ec</value>
         <object_component_ref idref="oc-f5"/>
      </symbol>
      <symbol id="sm-538">
         <name>__mspabi_slli_7</name>
         <value>0xd7ee</value>
         <object_component_ref idref="oc-f5"/>
      </symbol>
      <symbol id="sm-539">
         <name>__mspabi_slli_6</name>
         <value>0xd7f0</value>
         <object_component_ref idref="oc-f5"/>
      </symbol>
      <symbol id="sm-53a">
         <name>__mspabi_slli_5</name>
         <value>0xd7f2</value>
         <object_component_ref idref="oc-f5"/>
      </symbol>
      <symbol id="sm-53b">
         <name>__mspabi_slli_4</name>
         <value>0xd7f4</value>
         <object_component_ref idref="oc-f5"/>
      </symbol>
      <symbol id="sm-53c">
         <name>__mspabi_slli_3</name>
         <value>0xd7f6</value>
         <object_component_ref idref="oc-f5"/>
      </symbol>
      <symbol id="sm-53d">
         <name>__mspabi_slli_2</name>
         <value>0xd7f8</value>
         <object_component_ref idref="oc-f5"/>
      </symbol>
      <symbol id="sm-53e">
         <name>__mspabi_slli_1</name>
         <value>0xd7fa</value>
         <object_component_ref idref="oc-f5"/>
      </symbol>
      <symbol id="sm-53f">
         <name>__mspabi_slli_15</name>
         <value>0xd7de</value>
         <object_component_ref idref="oc-f5"/>
      </symbol>
      <symbol id="sm-540">
         <name>__mspabi_slli_14</name>
         <value>0xd7e0</value>
         <object_component_ref idref="oc-f5"/>
      </symbol>
      <symbol id="sm-541">
         <name>__mspabi_slli_13</name>
         <value>0xd7e2</value>
         <object_component_ref idref="oc-f5"/>
      </symbol>
      <symbol id="sm-542">
         <name>__mspabi_slli_12</name>
         <value>0xd7e4</value>
         <object_component_ref idref="oc-f5"/>
      </symbol>
      <symbol id="sm-543">
         <name>__mspabi_slli_11</name>
         <value>0xd7e6</value>
         <object_component_ref idref="oc-f5"/>
      </symbol>
      <symbol id="sm-544">
         <name>__mspabi_slli_10</name>
         <value>0xd7e8</value>
         <object_component_ref idref="oc-f5"/>
      </symbol>
      <symbol id="sm-54c">
         <name>__mspabi_srli_8</name>
         <value>0xd51e</value>
         <object_component_ref idref="oc-fa"/>
      </symbol>
      <symbol id="sm-54d">
         <name>__mspabi_srli_9</name>
         <value>0xd51a</value>
         <object_component_ref idref="oc-fa"/>
      </symbol>
      <symbol id="sm-54e">
         <name>__mspabi_srli_6</name>
         <value>0xd526</value>
         <object_component_ref idref="oc-fa"/>
      </symbol>
      <symbol id="sm-54f">
         <name>__mspabi_srli_7</name>
         <value>0xd522</value>
         <object_component_ref idref="oc-fa"/>
      </symbol>
      <symbol id="sm-550">
         <name>__mspabi_srli_4</name>
         <value>0xd52e</value>
         <object_component_ref idref="oc-fa"/>
      </symbol>
      <symbol id="sm-551">
         <name>__mspabi_srli_5</name>
         <value>0xd52a</value>
         <object_component_ref idref="oc-fa"/>
      </symbol>
      <symbol id="sm-552">
         <name>__mspabi_srli_2</name>
         <value>0xd536</value>
         <object_component_ref idref="oc-fa"/>
      </symbol>
      <symbol id="sm-553">
         <name>__mspabi_srli_3</name>
         <value>0xd532</value>
         <object_component_ref idref="oc-fa"/>
      </symbol>
      <symbol id="sm-554">
         <name>__mspabi_srli_1</name>
         <value>0xd53a</value>
         <object_component_ref idref="oc-fa"/>
      </symbol>
      <symbol id="sm-555">
         <name>__mspabi_srli</name>
         <value>0xd4f4</value>
         <object_component_ref idref="oc-fa"/>
      </symbol>
      <symbol id="sm-556">
         <name>__mspabi_srli_15</name>
         <value>0xd502</value>
         <object_component_ref idref="oc-fa"/>
      </symbol>
      <symbol id="sm-557">
         <name>__mspabi_srli_14</name>
         <value>0xd506</value>
         <object_component_ref idref="oc-fa"/>
      </symbol>
      <symbol id="sm-558">
         <name>__mspabi_srli_13</name>
         <value>0xd50a</value>
         <object_component_ref idref="oc-fa"/>
      </symbol>
      <symbol id="sm-559">
         <name>__mspabi_srli_12</name>
         <value>0xd50e</value>
         <object_component_ref idref="oc-fa"/>
      </symbol>
      <symbol id="sm-55a">
         <name>__mspabi_srli_11</name>
         <value>0xd512</value>
         <object_component_ref idref="oc-fa"/>
      </symbol>
      <symbol id="sm-55b">
         <name>__mspabi_srli_10</name>
         <value>0xd516</value>
         <object_component_ref idref="oc-fa"/>
      </symbol>
      <symbol id="sm-569">
         <name>memcpy</name>
         <value>0xdb5a</value>
         <object_component_ref idref="oc-10f"/>
      </symbol>
      <symbol id="sm-574">
         <name>__mspabi_mpyi_sw</name>
         <value>0xdb22</value>
         <object_component_ref idref="oc-26d"/>
      </symbol>
      <symbol id="sm-575">
         <name>__mspabi_mpyi</name>
         <value>0xdb22</value>
         <object_component_ref idref="oc-26d"/>
      </symbol>
      <symbol id="sm-57e">
         <name>_system_pre_init</name>
         <value>0xdc58</value>
         <object_component_ref idref="oc-14c"/>
      </symbol>
      <symbol id="sm-59f">
         <name>sprintf</name>
         <value>0xd704</value>
         <object_component_ref idref="oc-427"/>
      </symbol>
      <symbol id="sm-5af">
         <name>strncpy</name>
         <value>0xd7fe</value>
         <object_component_ref idref="oc-363"/>
      </symbol>
      <symbol id="sm-5d7">
         <name>strtol</name>
         <value>0xc000</value>
         <object_component_ref idref="oc-33e"/>
      </symbol>
      <symbol id="sm-5ed">
         <name>_nop</name>
         <value>0xdc64</value>
         <object_component_ref idref="oc-28a"/>
      </symbol>
      <symbol id="sm-5ee">
         <name>_lock</name>
         <value>0x27e</value>
         <object_component_ref idref="oc-1e7"/>
      </symbol>
      <symbol id="sm-5ef">
         <name>_unlock</name>
         <value>0x280</value>
         <object_component_ref idref="oc-1f0"/>
      </symbol>
      <symbol id="sm-636">
         <name>__TI_printfi_minimal</name>
         <value>0xc928</value>
         <object_component_ref idref="oc-473"/>
      </symbol>
      <symbol id="sm-653">
         <name>_auto_init</name>
         <value>0xcff2</value>
         <object_component_ref idref="oc-152"/>
      </symbol>
      <symbol id="sm-669">
         <name>copy_in</name>
         <value>0xd256</value>
         <object_component_ref idref="oc-1d4"/>
      </symbol>
      <symbol id="sm-677">
         <name>__mspabi_remul</name>
         <value>0xd2b0</value>
         <object_component_ref idref="oc-401"/>
      </symbol>
      <symbol id="sm-678">
         <name>__mspabi_divul</name>
         <value>0xd2b0</value>
         <object_component_ref idref="oc-401"/>
      </symbol>
      <symbol id="sm-67f">
         <name>errno</name>
         <value>0x284</value>
         <object_component_ref idref="oc-406"/>
      </symbol>
      <symbol id="sm-68f">
         <name>memccpy</name>
         <value>0xd9ca</value>
         <object_component_ref idref="oc-4bf"/>
      </symbol>
      <symbol id="sm-69d">
         <name>memset</name>
         <value>0xdb0e</value>
         <object_component_ref idref="oc-4b2"/>
      </symbol>
      <symbol id="sm-6a7">
         <name>__mspabi_mpyl_sw</name>
         <value>0xd852</value>
         <object_component_ref idref="oc-409"/>
      </symbol>
      <symbol id="sm-6a8">
         <name>__mspabi_mpyl</name>
         <value>0xd852</value>
         <object_component_ref idref="oc-409"/>
      </symbol>
      <symbol id="sm-6b1">
         <name>_system_post_cinit</name>
         <value>0xdc66</value>
         <object_component_ref idref="oc-1da"/>
      </symbol>
      <symbol id="sm-6be">
         <name>strlen</name>
         <value>0xdb9c</value>
         <object_component_ref idref="oc-48f"/>
      </symbol>
      <symbol id="sm-6c2">
         <name>__TI_BINIT_Base</name>
         <value>0x0</value>
      </symbol>
      <symbol id="sm-6c3">
         <name>__TI_BINIT_Limit</name>
         <value>0x0</value>
      </symbol>
      <symbol id="sm-6c4">
         <name>__TI_INITARRAY_Base</name>
         <value>0x0</value>
      </symbol>
      <symbol id="sm-6c5">
         <name>__TI_INITARRAY_Limit</name>
         <value>0x0</value>
      </symbol>
   </symbol_table>
   <title>Link successful</title>
</link_info>
